Component: ARM Compiler 5.06 update 6 (build 750) Tool: armlink [4d35ed]

==============================================================================

Section Cross References

    startup_stm32f411xe.o(RESET) refers to startup_stm32f411xe.o(STACK) for __initial_sp
    startup_stm32f411xe.o(RESET) refers to startup_stm32f411xe.o(.text) for Reset_Handler
    startup_stm32f411xe.o(RESET) refers to stm32f4xx_it.o(i.NMI_Handler) for NMI_Handler
    startup_stm32f411xe.o(RESET) refers to stm32f4xx_it.o(i.HardFault_Handler) for HardFault_Handler
    startup_stm32f411xe.o(RESET) refers to stm32f4xx_it.o(i.MemManage_Handler) for MemManage_Handler
    startup_stm32f411xe.o(RESET) refers to stm32f4xx_it.o(i.BusFault_Handler) for BusFault_Handler
    startup_stm32f411xe.o(RESET) refers to stm32f4xx_it.o(i.UsageFault_Handler) for UsageFault_Handler
    startup_stm32f411xe.o(RESET) refers to stm32f4xx_it.o(i.SVC_Handler) for SVC_Handler
    startup_stm32f411xe.o(RESET) refers to stm32f4xx_it.o(i.DebugMon_Handler) for DebugMon_Handler
    startup_stm32f411xe.o(RESET) refers to stm32f4xx_it.o(i.PendSV_Handler) for PendSV_Handler
    startup_stm32f411xe.o(RESET) refers to stm32f4xx_it.o(i.SysTick_Handler) for SysTick_Handler
    startup_stm32f411xe.o(RESET) refers to stm32f4xx_it.o(i.ADC_IRQHandler) for ADC_IRQHandler
    startup_stm32f411xe.o(RESET) refers to stm32f4xx_it.o(i.TIM3_IRQHandler) for TIM3_IRQHandler
    startup_stm32f411xe.o(RESET) refers to stm32f4xx_it.o(i.DMA2_Stream0_IRQHandler) for DMA2_Stream0_IRQHandler
    startup_stm32f411xe.o(RESET) refers to stm32f4xx_it.o(i.OTG_FS_IRQHandler) for OTG_FS_IRQHandler
    startup_stm32f411xe.o(.text) refers to system_stm32f4xx.o(i.SystemInit) for SystemInit
    startup_stm32f411xe.o(.text) refers to entry.o(.ARM.Collect$$$$00000000) for __main
    main.o(i.HAL_ADC_ConvCpltCallback) refers to stm32f4xx_hal_gpio.o(i.HAL_GPIO_ReadPin) for HAL_GPIO_ReadPin
    main.o(i.HAL_ADC_ConvCpltCallback) refers to main.o(.bss) for .bss
    main.o(i.HAL_ADC_ConvCpltCallback) refers to main.o(.data) for .data
    main.o(i.MX_ADC1_Init) refers to stm32f4xx_hal_adc.o(i.HAL_ADC_Init) for HAL_ADC_Init
    main.o(i.MX_ADC1_Init) refers to stm32f4xx_hal_adc.o(i.HAL_ADC_ConfigChannel) for HAL_ADC_ConfigChannel
    main.o(i.MX_ADC1_Init) refers to main.o(.bss) for .bss
    main.o(i.MX_GPIO_Init) refers to memseta.o(.text) for __aeabi_memclr4
    main.o(i.MX_GPIO_Init) refers to stm32f4xx_hal_gpio.o(i.HAL_GPIO_WritePin) for HAL_GPIO_WritePin
    main.o(i.MX_GPIO_Init) refers to stm32f4xx_hal_gpio.o(i.HAL_GPIO_Init) for HAL_GPIO_Init
    main.o(i.MX_TIM3_Init) refers to stm32f4xx_hal_tim.o(i.HAL_TIM_Base_Init) for HAL_TIM_Base_Init
    main.o(i.MX_TIM3_Init) refers to stm32f4xx_hal_tim.o(i.HAL_TIM_ConfigClockSource) for HAL_TIM_ConfigClockSource
    main.o(i.MX_TIM3_Init) refers to stm32f4xx_hal_tim_ex.o(i.HAL_TIMEx_MasterConfigSynchronization) for HAL_TIMEx_MasterConfigSynchronization
    main.o(i.MX_TIM3_Init) refers to main.o(.bss) for .bss
    main.o(i.SystemClock_Config) refers to memseta.o(.text) for __aeabi_memclr4
    main.o(i.SystemClock_Config) refers to stm32f4xx_hal_rcc.o(i.HAL_RCC_OscConfig) for HAL_RCC_OscConfig
    main.o(i.SystemClock_Config) refers to stm32f4xx_hal_rcc.o(i.HAL_RCC_ClockConfig) for HAL_RCC_ClockConfig
    main.o(i.main) refers to stm32f4xx_hal.o(i.HAL_Init) for HAL_Init
    main.o(i.main) refers to main.o(i.SystemClock_Config) for SystemClock_Config
    main.o(i.main) refers to main.o(i.MX_GPIO_Init) for MX_GPIO_Init
    main.o(i.main) refers to stm32f4xx_hal_cortex.o(i.HAL_NVIC_SetPriority) for HAL_NVIC_SetPriority
    main.o(i.main) refers to stm32f4xx_hal_cortex.o(i.HAL_NVIC_EnableIRQ) for HAL_NVIC_EnableIRQ
    main.o(i.main) refers to main.o(i.MX_ADC1_Init) for MX_ADC1_Init
    main.o(i.main) refers to main.o(i.MX_TIM3_Init) for MX_TIM3_Init
    main.o(i.main) refers to usb_device.o(i.MX_USB_DEVICE_Init) for MX_USB_DEVICE_Init
    main.o(i.main) refers to stm32f4xx_hal_tim.o(i.HAL_TIM_Base_Start) for HAL_TIM_Base_Start
    main.o(i.main) refers to stm32f4xx_hal_adc.o(i.HAL_ADC_Start_DMA) for HAL_ADC_Start_DMA
    main.o(i.main) refers to usbd_hid.o(i.USBD_HID_SendReport) for USBD_HID_SendReport
    main.o(i.main) refers to stm32f4xx_hal.o(i.HAL_Delay) for HAL_Delay
    main.o(i.main) refers to main.o(.bss) for .bss
    main.o(i.main) refers to main.o(.data) for .data
    main.o(i.main) refers to usb_device.o(.bss) for hUsbDeviceFS
    usb_device.o(i.MX_USB_DEVICE_Init) refers to usbd_core.o(i.USBD_Init) for USBD_Init
    usb_device.o(i.MX_USB_DEVICE_Init) refers to main.o(i.Error_Handler) for Error_Handler
    usb_device.o(i.MX_USB_DEVICE_Init) refers to usbd_core.o(i.USBD_RegisterClass) for USBD_RegisterClass
    usb_device.o(i.MX_USB_DEVICE_Init) refers to usbd_core.o(i.USBD_Start) for USBD_Start
    usb_device.o(i.MX_USB_DEVICE_Init) refers to usbd_desc.o(.data) for FS_Desc
    usb_device.o(i.MX_USB_DEVICE_Init) refers to usb_device.o(.bss) for .bss
[...]
    ..\Src\system_stm32f4xx.c                0x00000000   Number         0  system_stm32f4xx.o ABSOLUTE
    ..\Src\usb_device.c                      0x00000000   Number         0  usb_device.o ABSOLUTE
    ..\Src\usbd_conf.c                       0x00000000   Number         0  usbd_conf.o ABSOLUTE
    ..\Src\usbd_desc.c                       0x00000000   Number         0  usbd_desc.o ABSOLUTE
    dc.s                                     0x00000000   Number         0  dc.o ABSOLUTE
    handlers.s                               0x00000000   Number         0  handlers.o ABSOLUTE
    init.s                                   0x00000000   Number         0  init.o ABSOLUTE
    startup_stm32f411xe.s                    0x00000000   Number         0  startup_stm32f411xe.o ABSOLUTE
    RESET                                    0x08000000   Section      408  startup_stm32f411xe.o(RESET)
    .ARM.Collect$$$$00000000                 0x08000198   Section        0  entry.o(.ARM.Collect$$$$00000000)
    .ARM.Collect$$$$00000001                 0x08000198   Section        4  entry2.o(.ARM.Collect$$$$00000001)
    .ARM.Collect$$$$00000004                 0x0800019c   Section        4  entry5.o(.ARM.Collect$$$$00000004)
    .ARM.Collect$$$$00000008                 0x080001a0   Section        0  entry7b.o(.ARM.Collect$$$$00000008)
    .ARM.Collect$$$$0000000A                 0x080001a0   Section        0  entry8b.o(.ARM.Collect$$$$0000000A)
    .ARM.Collect$$$$0000000B                 0x080001a0   Section        8  entry9a.o(.ARM.Collect$$$$0000000B)
    .ARM.Collect$$$$0000000D                 0x080001a8   Section        0  entry10a.o(.ARM.Collect$$$$0000000D)
    .ARM.Collect$$$$0000000F                 0x080001a8   Section        0  entry11a.o(.ARM.Collect$$$$0000000F)
    .ARM.Collect$$$$00002712                 0x080001a8   Section        4  entry2.o(.ARM.Collect$$$$00002712)
    __lit__00000000                          0x080001a8   Data           4  entry2.o(.ARM.Collect$$$$00002712)
    .text                                    0x080001ac   Section       36  startup_stm32f411xe.o(.text)
    $v0                                      0x080001ac   Number         0  startup_stm32f411xe.o(.text)
    .text                                    0x080001d0   Section        0  uldiv.o(.text)
    .text                                    0x08000232   Section        0  memcpya.o(.text)
    .text                                    0x08000256   Section        0  memseta.o(.text)
    .text                                    0x0800027a   Section        0  llshl.o(.text)
    .text                                    0x08000298   Section        0  llushr.o(.text)
    .text                                    0x080002b8   Section       36  init.o(.text)
    .text                                    0x080002dc   Section        0  __dczerorl2.o(.text)
    i.ADC_DMAConvCplt                        0x08000332   Section        0  stm32f4xx_hal_adc.o(i.ADC_DMAConvCplt)
    ADC_DMAConvCplt                          0x08000333   Thumb Code   110  stm32f4xx_hal_adc.o(i.ADC_DMAConvCplt)
    i.ADC_DMAError                           0x080003a0   Section        0  stm32f4xx_hal_adc.o(i.ADC_DMAError)
    ADC_DMAError                             0x080003a1   Thumb Code    22  stm32f4xx_hal_adc.o(i.ADC_DMAError)
    i.ADC_DMAHalfConvCplt                    0x080003b6   Section        0  stm32f4xx_hal_adc.o(i.ADC_DMAHalfConvCplt)
    ADC_DMAHalfConvCplt                      0x080003b7   Thumb Code    10  stm32f4xx_hal_adc.o(i.ADC_DMAHalfConvCplt)
    i.ADC_IRQHandler                         0x080003c0   Section        0  stm32f4xx_it.o(i.ADC_IRQHandler)
    i.ADC_Init                               0x080003cc   Section        0  stm32f4xx_hal_adc.o(i.ADC_Init)
    ADC_Init                                 0x080003cd   Thumb Code   284  stm32f4xx_hal_adc.o(i.ADC_Init)
    i.BusFault_Handler                       0x080004f4   Section        0  stm32f4xx_it.o(i.BusFault_Handler)
    i.DMA2_Stream0_IRQHandler                0x080004f8   Section        0  stm32f4xx_it.o(i.DMA2_Stream0_IRQHandler)
    i.DMA_CalcBaseAndBitshift                0x08000504   Section        0  stm32f4xx_hal_dma.o(i.DMA_CalcBaseAndBitshift)
    DMA_CalcBaseAndBitshift                  0x08000505   Thumb Code    34  stm32f4xx_hal_dma.o(i.DMA_CalcBaseAndBitshift)
    i.DMA_CheckFifoParam                     0x0800052c   Section        0  stm32f4xx_hal_dma.o(i.DMA_CheckFifoParam)
    DMA_CheckFifoParam                       0x0800052d   Thumb Code    84  stm32f4xx_hal_dma.o(i.DMA_CheckFifoParam)
    i.DMA_SetConfig                          0x08000580   Section        0  stm32f4xx_hal_dma.o(i.DMA_SetConfig)
    DMA_SetConfig                            0x08000581   Thumb Code    40  stm32f4xx_hal_dma.o(i.DMA_SetConfig)
    i.DebugMon_Handler                       0x080005a8   Section        0  stm32f4xx_it.o(i.DebugMon_Handler)
    i.Error_Handler                          0x080005aa   Section        0  main.o(i.Error_Handler)
    i.HAL_ADCEx_InjectedConvCpltCallback     0x080005ac   Section        0  stm32f4xx_hal_adc_ex.o(i.HAL_ADCEx_InjectedConvCpltCallback)
    i.HAL_ADC_ConfigChannel                  0x080005b0   Section        0  stm32f4xx_hal_adc.o(i.HAL_ADC_ConfigChannel)
    i.HAL_ADC_ConvCpltCallback               0x08000714   Section        0  main.o(i.HAL_ADC_ConvCpltCallback)
    i.HAL_ADC_ConvHalfCpltCallback           0x08000784   Section        0  stm32f4xx_hal_adc.o(i.HAL_ADC_ConvHalfCpltCallback)
    i.HAL_ADC_ErrorCallback                  0x08000786   Section        0  stm32f4xx_hal_adc.o(i.HAL_ADC_ErrorCallback)
    i.HAL_ADC_IRQHandler                     0x08000788   Section        0  stm32f4xx_hal_adc.o(i.HAL_ADC_IRQHandler)
    i.HAL_ADC_Init                           0x080008c4   Section        0  stm32f4xx_hal_adc.o(i.HAL_ADC_Init)
    i.HAL_ADC_LevelOutOfWindowCallback       0x08000918   Section        0  stm32f4xx_hal_adc.o(i.HAL_ADC_LevelOutOfWindowCallback)
    i.HAL_ADC_MspInit                        0x0800091c   Section        0  stm32f4xx_hal_msp.o(i.HAL_ADC_MspInit)
    i.HAL_ADC_Start_DMA                      0x080009c4   Section        0  stm32f4xx_hal_adc.o(i.HAL_ADC_Start_DMA)
    i.HAL_DMA_IRQHandler                     0x08000ac4   Section        0  stm32f4xx_hal_dma.o(i.HAL_DMA_IRQHandler)
    i.HAL_DMA_Init                           0x08000c64   Section        0  stm32f4xx_hal_dma.o(i.HAL_DMA_Init)
    i.HAL_DMA_Start_IT                       0x08000d38   Section        0  stm32f4xx_hal_dma.o(i.HAL_DMA_Start_IT)
    i.HAL_Delay                              0x08000da8   Section        0  stm32f4xx_hal.o(i.HAL_Delay)
    i.HAL_GPIO_Init                          0x08000dcc   Section        0  stm32f4xx_hal_gpio.o(i.HAL_GPIO_Init)
    i.HAL_GPIO_ReadPin                       0x08000f60   Section        0  stm32f4xx_hal_gpio.o(i.HAL_GPIO_ReadPin)
    i.HAL_GPIO_WritePin                      0x08000f6a   Section        0  stm32f4xx_hal_gpio.o(i.HAL_GPIO_WritePin)
    i.HAL_GetTick                            0x08000f74   Section        0  stm32f4xx_hal.o(i.HAL_GetTick)
    i.HAL_IncTick                            0x08000f80   Section        0  stm32f4xx_hal.o(i.HAL_IncTick)
    i.HAL_Init                               0x08000f90   Section        0  stm32f4xx_hal.o(i.HAL_Init)
    i.HAL_InitTick                           0x08000fc4   Section        0  stm32f4xx_hal.o(i.HAL_InitTick)
    i.HAL_MspInit                            0x08001004   Section        0  stm32f4xx_hal_msp.o(i.HAL_MspInit)
    i.HAL_NVIC_EnableIRQ                     0x08001034   Section        0  stm32f4xx_hal_cortex.o(i.HAL_NVIC_EnableIRQ)
    i.HAL_NVIC_SetPriority                   0x08001050   Section        0  stm32f4xx_hal_cortex.o(i.HAL_NVIC_SetPriority)
    i.HAL_NVIC_SetPriorityGrouping           0x08001090   Section        0  stm32f4xx_hal_cortex.o(i.HAL_NVIC_SetPriorityGrouping)
    i.HAL_PCDEx_LPM_Callback                 0x080010b4   Section        0  stm32f4xx_hal_pcd_ex.o(i.HAL_PCDEx_LPM_Callback)
    i.HAL_PCDEx_SetRxFiFo                    0x080010b6   Section        0  stm32f4xx_hal_pcd_ex.o(i.HAL_PCDEx_SetRxFiFo)
    i.HAL_PCDEx_SetTxFiFo                    0x080010be   Section        0  stm32f4xx_hal_pcd_ex.o(i.HAL_PCDEx_SetTxFiFo)
    i.HAL_PCD_ConnectCallback                0x08001102   Section        0  usbd_conf.o(i.HAL_PCD_ConnectCallback)
    i.HAL_PCD_DataInStageCallback            0x0800110a   Section        0  usbd_conf.o(i.HAL_PCD_DataInStageCallback)
    i.HAL_PCD_DataOutStageCallback           0x0800111c   Section        0  usbd_conf.o(i.HAL_PCD_DataOutStageCallback)
    i.HAL_PCD_DisconnectCallback             0x08001130   Section        0  usbd_conf.o(i.HAL_PCD_DisconnectCallback)
    i.HAL_PCD_EP_Close                       0x08001138   Section        0  stm32f4xx_hal_pcd.o(i.HAL_PCD_EP_Close)
    i.HAL_PCD_EP_ClrStall                    0x08001184   Section        0  stm32f4xx_hal_pcd.o(i.HAL_PCD_EP_ClrStall)
    i.HAL_PCD_EP_Open                        0x080011e0   Section        0  stm32f4xx_hal_pcd.o(i.HAL_PCD_EP_Open)
    i.HAL_PCD_EP_Receive                     0x08001240   Section        0  stm32f4xx_hal_pcd.o(i.HAL_PCD_EP_Receive)
    i.HAL_PCD_EP_SetStall                    0x08001288   Section        0  stm32f4xx_hal_pcd.o(i.HAL_PCD_EP_SetStall)
    i.HAL_PCD_EP_Transmit                    0x080012fc   Section        0  stm32f4xx_hal_pcd.o(i.HAL_PCD_EP_Transmit)
    i.HAL_PCD_IRQHandler                     0x0800133c   Section        0  stm32f4xx_hal_pcd.o(i.HAL_PCD_IRQHandler)
    i.HAL_PCD_ISOINIncompleteCallback        0x080017a0   Section        0  usbd_conf.o(i.HAL_PCD_ISOINIncompleteCallback)
    i.HAL_PCD_ISOOUTIncompleteCallback       0x080017a8   Section        0  usbd_conf.o(i.HAL_PCD_ISOOUTIncompleteCallback)
    i.HAL_PCD_Init                           0x080017b0   Section        0  stm32f4xx_hal_pcd.o(i.HAL_PCD_Init)
    i.HAL_PCD_MspInit                        0x08001894   Section        0  usbd_conf.o(i.HAL_PCD_MspInit)
    i.HAL_PCD_ResetCallback                  0x08001918   Section        0  usbd_conf.o(i.HAL_PCD_ResetCallback)
    i.HAL_PCD_ResumeCallback                 0x0800193e   Section        0  usbd_conf.o(i.HAL_PCD_ResumeCallback)
    i.HAL_PCD_SOFCallback                    0x08001946   Section        0  usbd_conf.o(i.HAL_PCD_SOFCallback)
    i.HAL_PCD_SetAddress                     0x0800194e   Section        0  stm32f4xx_hal_pcd.o(i.HAL_PCD_SetAddress)
    i.HAL_PCD_SetupStageCallback             0x08001976   Section        0  usbd_conf.o(i.HAL_PCD_SetupStageCallback)
    i.HAL_PCD_Start                          0x08001984   Section        0  stm32f4xx_hal_pcd.o(i.HAL_PCD_Start)
    i.HAL_PCD_SuspendCallback                0x080019c8   Section        0  usbd_conf.o(i.HAL_PCD_SuspendCallback)
    i.HAL_RCC_ClockConfig                    0x080019f8   Section        0  stm32f4xx_hal_rcc.o(i.HAL_RCC_ClockConfig)
    i.HAL_RCC_GetHCLKFreq                    0x08001b2c   Section        0  stm32f4xx_hal_rcc.o(i.HAL_RCC_GetHCLKFreq)
    i.HAL_RCC_GetSysClockFreq                0x08001b38   Section        0  stm32f4xx_hal_rcc.o(i.HAL_RCC_GetSysClockFreq)
    i.HAL_RCC_OscConfig                      0x08001b98   Section        0  stm32f4xx_hal_rcc.o(i.HAL_RCC_OscConfig)
    i.HAL_SYSTICK_Config                     0x08001ef4   Section        0  stm32f4xx_hal_cortex.o(i.HAL_SYSTICK_Config)
    i.HAL_TIMEx_BreakCallback                0x08001f1c   Section        0  stm32f4xx_hal_tim_ex.o(i.HAL_TIMEx_BreakCallback)
    i.HAL_TIMEx_CommutCallback               0x08001f1e   Section        0  stm32f4xx_hal_tim_ex.o(i.HAL_TIMEx_CommutCallback)
    i.HAL_TIMEx_MasterConfigSynchronization  0x08001f20   Section        0  stm32f4xx_hal_tim_ex.o(i.HAL_TIMEx_MasterConfigSynchronization)
    i.HAL_TIM_Base_Init                      0x08001f9c   Section        0  stm32f4xx_hal_tim.o(i.HAL_TIM_Base_Init)
    i.HAL_TIM_Base_MspInit                   0x08001fd4   Section        0  stm32f4xx_hal_msp.o(i.HAL_TIM_Base_MspInit)
    i.HAL_TIM_Base_Start                     0x08002010   Section        0  stm32f4xx_hal_tim.o(i.HAL_TIM_Base_Start)
    i.HAL_TIM_ConfigClockSource              0x08002034   Section        0  stm32f4xx_hal_tim.o(i.HAL_TIM_ConfigClockSource)
    i.HAL_TIM_IC_CaptureCallback             0x0800210a   Section        0  stm32f4xx_hal_tim.o(i.HAL_TIM_IC_CaptureCallback)
    i.HAL_TIM_IRQHandler                     0x0800210c   Section        0  stm32f4xx_hal_tim.o(i.HAL_TIM_IRQHandler)
    i.HAL_TIM_OC_DelayElapsedCallback        0x08002272   Section        0  stm32f4xx_hal_tim.o(i.HAL_TIM_OC_DelayElapsedCallback)
    i.HAL_TIM_PWM_PulseFinishedCallback      0x08002274   Section        0  stm32f4xx_hal_tim.o(i.HAL_TIM_PWM_PulseFinishedCallback)
    i.HAL_TIM_PeriodElapsedCallback          0x08002276   Section        0  stm32f4xx_hal_tim.o(i.HAL_TIM_PeriodElapsedCallback)
    i.HAL_TIM_TriggerCallback                0x08002278   Section        0  stm32f4xx_hal_tim.o(i.HAL_TIM_TriggerCallback)
    i.HardFault_Handler                      0x0800227a   Section        0  stm32f4xx_it.o(i.HardFault_Handler)
    i.IntToUnicode                           0x0800227c   Section        0  usbd_desc.o(i.IntToUnicode)
    IntToUnicode                             0x0800227d   Thumb Code    56  usbd_desc.o(i.IntToUnicode)
    i.MX_ADC1_Init                           0x080022b4   Section        0  main.o(i.MX_ADC1_Init)
    MX_ADC1_Init                             0x080022b5   Thumb Code    86  main.o(i.MX_ADC1_Init)
    i.MX_GPIO_Init                           0x08002314   Section        0  main.o(i.MX_GPIO_Init)
    MX_GPIO_Init                             0x08002315   Thumb Code   128  main.o(i.MX_GPIO_Init)
    i.MX_TIM3_Init                           0x080023a0   Section        0  main.o(i.MX_TIM3_Init)
    MX_TIM3_Init                             0x080023a1   Thumb Code    76  main.o(i.MX_TIM3_Init)
    i.MX_USB_DEVICE_Init                     0x080023f4   Section        0  usb_device.o(i.MX_USB_DEVICE_Init)
    i.MemManage_Handler                      0x08002434   Section        0  stm32f4xx_it.o(i.MemManage_Handler)
    i.NMI_Handler                            0x08002436   Section        0  stm32f4xx_it.o(i.NMI_Handler)
    i.OTG_FS_IRQHandler                      0x08002438   Section        0  stm32f4xx_it.o(i.OTG_FS_IRQHandler)
    i.PCD_EP_OutXfrComplete_int              0x08002444   Section        0  stm32f4xx_hal_pcd.o(i.PCD_EP_OutXfrComplete_int)
    PCD_EP_OutXfrComplete_int                0x08002445   Thumb Code   212  stm32f4xx_hal_pcd.o(i.PCD_EP_OutXfrComplete_int)
    i.PCD_WriteEmptyTxFifo                   0x08002520   Section        0  stm32f4xx_hal_pcd.o(i.PCD_WriteEmptyTxFifo)
    PCD_WriteEmptyTxFifo                     0x08002521   Thumb Code   162  stm32f4xx_hal_pcd.o(i.PCD_WriteEmptyTxFifo)
    i.PendSV_Handler                         0x080025c2   Section        0  stm32f4xx_it.o(i.PendSV_Handler)
    i.SVC_Handler                            0x080025c4   Section        0  stm32f4xx_it.o(i.SVC_Handler)
    i.SysTick_Handler                        0x080025c6   Section        0  stm32f4xx_it.o(i.SysTick_Handler)
    i.SystemClock_Config                     0x080025cc   Section        0  main.o(i.SystemClock_Config)
    i.SystemInit                             0x0800264c   Section        0  system_stm32f4xx.o(i.SystemInit)
    i.TIM3_IRQHandler                        0x08002668   Section        0  stm32f4xx_it.o(i.TIM3_IRQHandler)
    i.TIM_Base_SetConfig                     0x08002674   Section        0  stm32f4xx_hal_tim.o(i.TIM_Base_SetConfig)
    i.TIM_ETR_SetConfig                      0x0800270c   Section        0  stm32f4xx_hal_tim.o(i.TIM_ETR_SetConfig)
    i.TIM_ITRx_SetConfig                     0x08002720   Section        0  stm32f4xx_hal_tim.o(i.TIM_ITRx_SetConfig)
    TIM_ITRx_SetConfig                       0x08002721   Thumb Code    16  stm32f4xx_hal_tim.o(i.TIM_ITRx_SetConfig)
    i.TIM_TI1_ConfigInputStage               0x08002730   Section        0  stm32f4xx_hal_tim.o(i.TIM_TI1_ConfigInputStage)
    TIM_TI1_ConfigInputStage                 0x08002731   Thumb Code    34  stm32f4xx_hal_tim.o(i.TIM_TI1_ConfigInputStage)
    i.TIM_TI2_ConfigInputStage               0x08002752   Section        0  stm32f4xx_hal_tim.o(i.TIM_TI2_ConfigInputStage)
    TIM_TI2_ConfigInputStage                 0x08002753   Thumb Code    36  stm32f4xx_hal_tim.o(i.TIM_TI2_ConfigInputStage)
    i.USBD_ClrClassConfig                    0x08002776   Section        0  usbd_core.o(i.USBD_ClrClassConfig)
    i.USBD_CtlContinueRx                     0x08002784   Section        0  usbd_ioreq.o(i.USBD_CtlContinueRx)
    i.USBD_CtlContinueSendData               0x08002794   Section        0  usbd_ioreq.o(i.USBD_CtlContinueSendData)
    i.USBD_CtlError                          0x080027a4   Section        0  usbd_ctlreq.o(i.USBD_CtlError)
    i.USBD_CtlReceiveStatus                  0x080027ba   Section        0  usbd_ioreq.o(i.USBD_CtlReceiveStatus)
    i.USBD_CtlSendData                       0x080027d0   Section        0  usbd_ioreq.o(i.USBD_CtlSendData)
    i.USBD_CtlSendStatus                     0x080027ea   Section        0  usbd_ioreq.o(i.USBD_CtlSendStatus)
    i.USBD_FS_ConfigStrDescriptor            0x08002800   Section        0  usbd_desc.o(i.USBD_FS_ConfigStrDescriptor)
    i.USBD_FS_DeviceDescriptor               0x08002820   Section        0  usbd_desc.o(i.USBD_FS_DeviceDescriptor)
    i.USBD_FS_InterfaceStrDescriptor         0x0800282c   Section        0  usbd_desc.o(i.USBD_FS_InterfaceStrDescriptor)
    i.USBD_FS_LangIDStrDescriptor            0x08002850   Section        0  usbd_desc.o(i.USBD_FS_LangIDStrDescriptor)
    i.USBD_FS_ManufacturerStrDescriptor      0x0800285c   Section        0  usbd_desc.o(i.USBD_FS_ManufacturerStrDescriptor)
    i.USBD_FS_ProductStrDescriptor           0x08002884   Section        0  usbd_desc.o(i.USBD_FS_ProductStrDescriptor)
    i.USBD_FS_SerialStrDescriptor            0x080028ac   Section        0  usbd_desc.o(i.USBD_FS_SerialStrDescriptor)
    i.USBD_GetDescriptor                     0x080028e4   Section        0  usbd_ctlreq.o(i.USBD_GetDescriptor)
    USBD_GetDescriptor                       0x080028e5   Thumb Code   232  usbd_ctlreq.o(i.USBD_GetDescriptor)
    i.USBD_GetString                         0x080029cc   Section        0  usbd_ctlreq.o(i.USBD_GetString)
    i.USBD_Get_USB_Status                    0x08002a14   Section        0  usbd_conf.o(i.USBD_Get_USB_Status)
    i.USBD_HID_DataIn                        0x08002a2c   Section        0  usbd_hid.o(i.USBD_HID_DataIn)
    USBD_HID_DataIn                          0x08002a2d   Thumb Code    12  usbd_hid.o(i.USBD_HID_DataIn)
    i.USBD_HID_DeInit                        0x08002a38   Section        0  usbd_hid.o(i.USBD_HID_DeInit)
    USBD_HID_DeInit                          0x08002a39   Thumb Code    32  usbd_hid.o(i.USBD_HID_DeInit)
    i.USBD_HID_GetDeviceQualifierDesc        0x08002a58   Section        0  usbd_hid.o(i.USBD_HID_GetDeviceQualifierDesc)
    USBD_HID_GetDeviceQualifierDesc          0x08002a59   Thumb Code     8  usbd_hid.o(i.USBD_HID_GetDeviceQualifierDesc)
    i.USBD_HID_GetFSCfgDesc                  0x08002a64   Section        0  usbd_hid.o(i.USBD_HID_GetFSCfgDesc)
    USBD_HID_GetFSCfgDesc                    0x08002a65   Thumb Code     8  usbd_hid.o(i.USBD_HID_GetFSCfgDesc)
    i.USBD_HID_GetHSCfgDesc                  0x08002a70   Section        0  usbd_hid.o(i.USBD_HID_GetHSCfgDesc)
    USBD_HID_GetHSCfgDesc                    0x08002a71   Thumb Code     8  usbd_hid.o(i.USBD_HID_GetHSCfgDesc)
    i.USBD_HID_GetOtherSpeedCfgDesc          0x08002a7c   Section        0  usbd_hid.o(i.USBD_HID_GetOtherSpeedCfgDesc)
    USBD_HID_GetOtherSpeedCfgDesc            0x08002a7d   Thumb Code     8  usbd_hid.o(i.USBD_HID_GetOtherSpeedCfgDesc)
    i.USBD_HID_Init                          0x08002a88   Section        0  usbd_hid.o(i.USBD_HID_Init)
    USBD_HID_Init                            0x08002a89   Thumb Code    42  usbd_hid.o(i.USBD_HID_Init)
    i.USBD_HID_SendReport                    0x08002ab2   Section        0  usbd_hid.o(i.USBD_HID_SendReport)
    i.USBD_HID_Setup                         0x08002ad8   Section        0  usbd_hid.o(i.USBD_HID_Setup)
    USBD_HID_Setup                           0x08002ad9   Thumb Code   196  usbd_hid.o(i.USBD_HID_Setup)
    i.USBD_Init                              0x08002ba0   Section        0  usbd_core.o(i.USBD_Init)
    i.USBD_LL_ClearStallEP                   0x08002bca   Section        0  usbd_conf.o(i.USBD_LL_ClearStallEP)
    i.USBD_LL_CloseEP                        0x08002bdc   Section        0  usbd_conf.o(i.USBD_LL_CloseEP)
    i.USBD_LL_DataInStage                    0x08002bee   Section        0  usbd_core.o(i.USBD_LL_DataInStage)
    i.USBD_LL_DataOutStage                   0x08002cb4   Section        0  usbd_core.o(i.USBD_LL_DataOutStage)
    i.USBD_LL_DevConnected                   0x08002d36   Section        0  usbd_core.o(i.USBD_LL_DevConnected)
    i.USBD_LL_DevDisconnected                0x08002d3a   Section        0  usbd_core.o(i.USBD_LL_DevDisconnected)
    i.USBD_LL_Init                           0x08002d50   Section        0  usbd_conf.o(i.USBD_LL_Init)
    i.USBD_LL_IsStallEP                      0x08002db0   Section        0  usbd_conf.o(i.USBD_LL_IsStallEP)
    i.USBD_LL_IsoINIncomplete                0x08002dd0   Section        0  usbd_core.o(i.USBD_LL_IsoINIncomplete)
    i.USBD_LL_IsoOUTIncomplete               0x08002dd4   Section        0  usbd_core.o(i.USBD_LL_IsoOUTIncomplete)
    i.USBD_LL_OpenEP                         0x08002dd8   Section        0  usbd_conf.o(i.USBD_LL_OpenEP)
    i.USBD_LL_PrepareReceive                 0x08002df0   Section        0  usbd_conf.o(i.USBD_LL_PrepareReceive)
    i.USBD_LL_Reset                          0x08002e02   Section        0  usbd_core.o(i.USBD_LL_Reset)
    i.USBD_LL_Resume                         0x08002e52   Section        0  usbd_core.o(i.USBD_LL_Resume)
    i.USBD_LL_SOF                            0x08002e5e   Section        0  usbd_core.o(i.USBD_LL_SOF)
    i.USBD_LL_SetSpeed                       0x08002e76   Section        0  usbd_core.o(i.USBD_LL_SetSpeed)
    i.USBD_LL_SetUSBAddress                  0x08002e7c   Section        0  usbd_conf.o(i.USBD_LL_SetUSBAddress)
    i.USBD_LL_SetupStage                     0x08002e8e   Section        0  usbd_core.o(i.USBD_LL_SetupStage)
    i.USBD_LL_StallEP                        0x08002ee8   Section        0  usbd_conf.o(i.USBD_LL_StallEP)
    i.USBD_LL_Start                          0x08002efa   Section        0  usbd_conf.o(i.USBD_LL_Start)
    i.USBD_LL_Suspend                        0x08002f0c   Section        0  usbd_core.o(i.USBD_LL_Suspend)
    i.USBD_LL_Transmit                       0x08002f1e   Section        0  usbd_conf.o(i.USBD_LL_Transmit)
    i.USBD_ParseSetupRequest                 0x08002f30   Section        0  usbd_ctlreq.o(i.USBD_ParseSetupRequest)
    i.USBD_RegisterClass                     0x08002f58   Section        0  usbd_core.o(i.USBD_RegisterClass)
    i.USBD_SetClassConfig                    0x08002f68   Section        0  usbd_core.o(i.USBD_SetClassConfig)
    i.USBD_SetConfig                         0x08002f80   Section        0  usbd_ctlreq.o(i.USBD_SetConfig)
    USBD_SetConfig                           0x08002f81   Thumb Code   128  usbd_ctlreq.o(i.USBD_SetConfig)
    i.USBD_Start                             0x08003004   Section        0  usbd_core.o(i.USBD_Start)
    i.USBD_StdDevReq                         0x0800300e   Section        0  usbd_ctlreq.o(i.USBD_StdDevReq)
    i.USBD_StdEPReq                          0x08003120   Section        0  usbd_ctlreq.o(i.USBD_StdEPReq)
    i.USBD_StdItfReq                         0x08003270   Section        0  usbd_ctlreq.o(i.USBD_StdItfReq)
    i.USB_ActivateEndpoint                   0x080032c0   Section        0  stm32f4xx_ll_usb.o(i.USB_ActivateEndpoint)
    i.USB_ActivateSetup                      0x08003340   Section        0  stm32f4xx_ll_usb.o(i.USB_ActivateSetup)
    i.USB_CoreInit                           0x08003374   Section        0  stm32f4xx_ll_usb.o(i.USB_CoreInit)
    i.USB_CoreReset                          0x080033e8   Section        0  stm32f4xx_ll_usb.o(i.USB_CoreReset)
    USB_CoreReset                            0x080033e9   Thumb Code    50  stm32f4xx_ll_usb.o(i.USB_CoreReset)
    i.USB_DeactivateEndpoint                 0x08003420   Section        0  stm32f4xx_ll_usb.o(i.USB_DeactivateEndpoint)
    i.USB_DevConnect                         0x080034a0   Section        0  stm32f4xx_ll_usb.o(i.USB_DevConnect)
    i.USB_DevDisconnect                      0x080034b8   Section        0  stm32f4xx_ll_usb.o(i.USB_DevDisconnect)
    i.USB_DevInit                            0x080034d0   Section        0  stm32f4xx_ll_usb.o(i.USB_DevInit)
    i.USB_DisableGlobalInt                   0x0800365c   Section        0  stm32f4xx_ll_usb.o(i.USB_DisableGlobalInt)
    i.USB_EP0StartXfer                       0x08003668   Section        0  stm32f4xx_ll_usb.o(i.USB_EP0StartXfer)
    i.USB_EP0_OutStart                       0x08003780   Section        0  stm32f4xx_ll_usb.o(i.USB_EP0_OutStart)
    i.USB_EPClearStall                       0x080037d8   Section        0  stm32f4xx_ll_usb.o(i.USB_EPClearStall)
    i.USB_EPSetStall                         0x08003830   Section        0  stm32f4xx_ll_usb.o(i.USB_EPSetStall)
    i.USB_EPStartXfer                        0x08003888   Section        0  stm32f4xx_ll_usb.o(i.USB_EPStartXfer)
    i.USB_EnableGlobalInt                    0x08003a70   Section        0  stm32f4xx_ll_usb.o(i.USB_EnableGlobalInt)
    i.USB_FlushRxFifo                        0x08003a7c   Section        0  stm32f4xx_ll_usb.o(i.USB_FlushRxFifo)
    i.USB_FlushTxFifo                        0x08003a9c   Section        0  stm32f4xx_ll_usb.o(i.USB_FlushTxFifo)
    i.USB_GetDevSpeed                        0x08003ac0   Section        0  stm32f4xx_ll_usb.o(i.USB_GetDevSpeed)
    i.USB_GetMode                            0x08003ada   Section        0  stm32f4xx_ll_usb.o(i.USB_GetMode)
    i.USB_ReadDevAllInEpInterrupt            0x08003ae2   Section        0  stm32f4xx_ll_usb.o(i.USB_ReadDevAllInEpInterrupt)
    i.USB_ReadDevAllOutEpInterrupt           0x08003af0   Section        0  stm32f4xx_ll_usb.o(i.USB_ReadDevAllOutEpInterrupt)
    i.USB_ReadDevInEPInterrupt               0x08003afe   Section        0  stm32f4xx_ll_usb.o(i.USB_ReadDevInEPInterrupt)
    i.USB_ReadDevOutEPInterrupt              0x08003b22   Section        0  stm32f4xx_ll_usb.o(i.USB_ReadDevOutEPInterrupt)
    i.USB_ReadInterrupts                     0x08003b32   Section        0  stm32f4xx_ll_usb.o(i.USB_ReadInterrupts)
    i.USB_ReadPacket                         0x08003b3a   Section        0  stm32f4xx_ll_usb.o(i.USB_ReadPacket)
    i.USB_SetCurrentMode                     0x08003b56   Section        0  stm32f4xx_ll_usb.o(i.USB_SetCurrentMode)
    i.USB_SetDevAddress                      0x08003b84   Section        0  stm32f4xx_ll_usb.o(i.USB_SetDevAddress)
    i.USB_SetTurnaroundTime                  0x08003ba8   Section        0  stm32f4xx_ll_usb.o(i.USB_SetTurnaroundTime)
    i.USB_WritePacket                        0x08003c90   Section        0  stm32f4xx_ll_usb.o(i.USB_WritePacket)
    i.UsageFault_Handler                     0x08003cb4   Section        0  stm32f4xx_it.o(i.UsageFault_Handler)
    i.__NVIC_SetPriority                     0x08003cb6   Section        0  stm32f4xx_hal_cortex.o(i.__NVIC_SetPriority)
    __NVIC_SetPriority                       0x08003cb7   Thumb Code    32  stm32f4xx_hal_cortex.o(i.__NVIC_SetPriority)
    i.__scatterload_copy                     0x08003cd6   Section       14  handlers.o(i.__scatterload_copy)
    i.__scatterload_null                     0x08003ce4   Section        2  handlers.o(i.__scatterload_null)
    i.__scatterload_zeroinit                 0x08003ce6   Section       14  handlers.o(i.__scatterload_zeroinit)
    i.free                                   0x08003cf4   Section        0  malloc.o(i.free)
    i.main                                   0x08003d44   Section        0  main.o(i.main)
    i.malloc                                 0x08003dd0   Section        0  malloc.o(i.malloc)
    .constdata                               0x08003e3c   Section        8  stm32f4xx_hal_dma.o(.constdata)
    flagBitshiftOffset                       0x08003e3c   Data           8  stm32f4xx_hal_dma.o(.constdata)
    .constdata                               0x08003e44   Section       16  system_stm32f4xx.o(.constdata)
    .data                                    0x20000000   Section       12  main.o(.data)
    .data                                    0x2000000c   Section       28  usbd_desc.o(.data)
    .data                                    0x20000028   Section       50  usbd_desc.o(.data)
    .data                                    0x2000005c   Section       12  stm32f4xx_hal.o(.data)
    .data                                    0x20000068   Section        4  system_stm32f4xx.o(.data)
    .data                                    0x2000006c   Section        1  usbd_ctlreq.o(.data)
    cfgidx                                   0x2000006c   Data           1  usbd_ctlreq.o(.data)
    .data                                    0x20000070   Section       56  usbd_hid.o(.data)
    .data                                    0x200000a8   Section      206  usbd_hid.o(.data)
    USBD_HID_CfgFSDesc                       0x200000a8   Data          34  usbd_hid.o(.data)
    USBD_HID_CfgHSDesc                       0x200000cc   Data          34  usbd_hid.o(.data)
    USBD_HID_OtherSpeedCfgDesc               0x200000f0   Data          34  usbd_hid.o(.data)
    USBD_HID_Desc                            0x20000114   Data           9  usbd_hid.o(.data)
    USBD_HID_DeviceQualifierDesc             0x20000120   Data          10  usbd_hid.o(.data)
    HID_MOUSE_ReportDesc                     0x2000012c   Data          74  usbd_hid.o(.data)
    .data                                    0x20000178   Section        4  mvars.o(.data)
    .data                                    0x2000017c   Section        4  mvars.o(.data)
    .bss                                     0x20000180   Section     1776  main.o(.bss)
    .bss                                     0x20000870   Section       96  main.o(.bss)
    .bss                                     0x200008d0   Section      668  usb_device.o(.bss)
    .bss                                     0x20000b6c   Section     1032  usbd_conf.o(.bss)
    .bss                                     0x20000f74   Section      512  usbd_desc.o(.bss)
    HEAP                                     0x20001178   Section      512  startup_stm32f411xe.o(HEAP)
    STACK                                    0x20001378   Section     1024  startup_stm32f411xe.o(STACK)

    Global Symbols

    Symbol Name                              Value     Ov Type        Size  Object(Section)

    BuildAttributes$$THM_ISAv4$E$P$D$K$B$S$7EM$VFPi3$EXTD16$VFPS$VFMA$PE$A:L22UL41UL21$X:L11$S22US41US21$IEEE1$IW$USESV6$~STKCKD$USESV7$~SHL$OSPACE$EBA8$MICROLIB$REQ8$PRES8$EABIv2 0x00000000   Number         0  anon$$obj.o ABSOLUTE
    __ARM_use_no_argv                        0x00000000   Number         0  main.o ABSOLUTE
    __cpp_initialize__aeabi_                  - Undefined Weak Reference
    __cxa_finalize                            - Undefined Weak Reference
    _clock_init                               - Undefined Weak Reference
    _microlib_exit                            - Undefined Weak Reference
    __Vectors_Size                           0x00000198   Number         0  startup_stm32f411xe.o ABSOLUTE
    __Vectors                                0x08000000   Data           4  startup_stm32f411xe.o(RESET)
    __Vectors_End                            0x08000198   Data           0  startup_stm32f411xe.o(RESET)
    __main                                   0x08000199   Thumb Code     0  entry.o(.ARM.Collect$$$$00000000)
    _main_stk                                0x08000199   Thumb Code     0  entry2.o(.ARM.Collect$$$$00000001)
    _main_scatterload                        0x0800019d   Thumb Code     0  entry5.o(.ARM.Collect$$$$00000004)
    __main_after_scatterload                 0x080001a1   Thumb Code     0  entry5.o(.ARM.Collect$$$$00000004)
    _main_clock                              0x080001a1   Thumb Code     0  entry7b.o(.ARM.Collect$$$$00000008)
    _main_cpp_init                           0x080001a1   Thumb Code     0  entry8b.o(.ARM.Collect$$$$0000000A)
    _main_init                               0x080001a1   Thumb Code     0  entry9a.o(.ARM.Collect$$$$0000000B)
    __rt_final_cpp                           0x080001a9   Thumb Code     0  entry10a.o(.ARM.Collect$$$$0000000D)
    __rt_final_exit                          0x080001a9   Thumb Code     0  entry11a.o(.ARM.Collect$$$$0000000F)
    Reset_Handler                            0x080001ad   Thumb Code     8  startup_stm32f411xe.o(.text)
    DMA1_Stream0_IRQHandler                  0x080001c7   Thumb Code     0  startup_stm32f411xe.o(.text)
    DMA1_Stream1_IRQHandler                  0x080001c7   Thumb Code     0  startup_stm32f411xe.o(.text)
    DMA1_Stream2_IRQHandler                  0x080001c7   Thumb Code     0  startup_stm32f411xe.o(.text)
    DMA1_Stream3_IRQHandler                  0x080001c7   Thumb Code     0  startup_stm32f411xe.o(.text)
    DMA1_Stream4_IRQHandler                  0x080001c7   Thumb Code     0  startup_stm32f411xe.o(.text)
    DMA1_Stream5_IRQHandler                  0x080001c7   Thumb Code     0  startup_stm32f411xe.o(.text)
    DMA1_Stream6_IRQHandler                  0x080001c7   Thumb Code     0  startup_stm32f411xe.o(.text)
    DMA1_Stream7_IRQHandler                  0x080001c7   Thumb Code     0  startup_stm32f411xe.o(.text)
    DMA2_Stream1_IRQHandler                  0x080001c7   Thumb Code     0  startup_stm32f411xe.o(.text)
    DMA2_Stream2_IRQHandler                  0x080001c7   Thumb Code     0  startup_stm32f411xe.o(.text)
    DMA2_Stream3_IRQHandler                  0x080001c7   Thumb Code     0  startup_stm32f411xe.o(.text)
    DMA2_Stream4_IRQHandler                  0x080001c7   Thumb Code     0  startup_stm32f411xe.o(.text)
    DMA2_Stream5_IRQHandler                  0x080001c7   Thumb Code     0  startup_stm32f411xe.o(.text)
    DMA2_Stream6_IRQHandler                  0x080001c7   Thumb Code     0  startup_stm32f411xe.o(.text)
    DMA2_Stream7_IRQHandler                  0x080001c7   Thumb Code     0  startup_stm32f411xe.o(.text)
    EXTI0_IRQHandler                         0x080001c7   Thumb Code     0  startup_stm32f411xe.o(.text)
    EXTI15_10_IRQHandler                     0x080001c7   Thumb Code     0  startup_stm32f411xe.o(.text)
    EXTI1_IRQHandler                         0x080001c7   Thumb Code     0  startup_stm32f411xe.o(.text)
    EXTI2_IRQHandler                         0x080001c7   Thumb Code     0  startup_stm32f411xe.o(.text)
    EXTI3_IRQHandler                         0x080001c7   Thumb Code     0  startup_stm32f411xe.o(.text)
    EXTI4_IRQHandler                         0x080001c7   Thumb Code     0  startup_stm32f411xe.o(.text)
    EXTI9_5_IRQHandler                       0x080001c7   Thumb Code     0  startup_stm32f411xe.o(.text)
    FLASH_IRQHandler                         0x080001c7   Thumb Code     0  startup_stm32f411xe.o(.text)
    FPU_IRQHandler                           0x080001c7   Thumb Code     0  startup_stm32f411xe.o(.text)
    I2C1_ER_IRQHandler                       0x080001c7   Thumb Code     0  startup_stm32f411xe.o(.text)
    I2C1_EV_IRQHandler                       0x080001c7   Thumb Code     0  startup_stm32f411xe.o(.text)
    I2C2_ER_IRQHandler                       0x080001c7   Thumb Code     0  startup_stm32f411xe.o(.text)
    I2C2_EV_IRQHandler                       0x080001c7   Thumb Code     0  startup_stm32f411xe.o(.text)
    I2C3_ER_IRQHandler                       0x080001c7   Thumb Code     0  startup_stm32f411xe.o(.text)
    I2C3_EV_IRQHandler                       0x080001c7   Thumb Code     0  startup_stm32f411xe.o(.text)
    OTG_FS_WKUP_IRQHandler                   0x080001c7   Thumb Code     0  startup_stm32f411xe.o(.text)
    PVD_IRQHandler                           0x080001c7   Thumb Code     0  startup_stm32f411xe.o(.text)
    RCC_IRQHandler                           0x080001c7   Thumb Code     0  startup_stm32f411xe.o(.text)
    RTC_Alarm_IRQHandler                     0x080001c7   Thumb Code     0  startup_stm32f411xe.o(.text)
    RTC_WKUP_IRQHandler                      0x080001c7   Thumb Code     0  startup_stm32f411xe.o(.text)
    SDIO_IRQHandler                          0x080001c7   Thumb Code     0  startup_stm32f411xe.o(.text)
    SPI1_IRQHandler                          0x080001c7   Thumb Code     0  startup_stm32f411xe.o(.text)
    SPI2_IRQHandler                          0x080001c7   Thumb Code     0  startup_stm32f411xe.o(.text)
    SPI3_IRQHandler                          0x080001c7   Thumb Code     0  startup_stm32f411xe.o(.text)
    SPI4_IRQHandler                          0x080001c7   Thumb Code     0  startup_stm32f411xe.o(.text)
    SPI5_IRQHandler                          0x080001c7   Thumb Code     0  startup_stm32f411xe.o(.text)
    TAMP_STAMP_IRQHandler                    0x080001c7   Thumb Code     0  startup_stm32f411xe.o(.text)
    TIM1_BRK_TIM9_IRQHandler                 0x080001c7   Thumb Code     0  startup_stm32f411xe.o(.text)
    TIM1_CC_IRQHandler                       0x080001c7   Thumb Code     0  startup_stm32f411xe.o(.text)
    TIM1_TRG_COM_TIM11_IRQHandler            0x080001c7   Thumb Code     0  startup_stm32f411xe.o(.text)
    TIM1_UP_TIM10_IRQHandler                 0x080001c7   Thumb Code     0  startup_stm32f411xe.o(.text)
    TIM2_IRQHandler                          0x080001c7   Thumb Code     0  startup_stm32f411xe.o(.text)
    TIM4_IRQHandler                          0x080001c7   Thumb Code     0  startup_stm32f411xe.o(.text)
    TIM5_IRQHandler                          0x080001c7   Thumb Code     0  startup_stm32f411xe.o(.text)
    USART1_IRQHandler                        0x080001c7   Thumb Code     0  startup_stm32f411xe.o(.text)
    USART2_IRQHandler                        0x080001c7   Thumb Code     0  startup_stm32f411xe.o(.text)
    USART6_IRQHandler                        0x080001c7   Thumb Code     0  startup_stm32f411xe.o(.text)
    WWDG_IRQHandler                          0x080001c7   Thumb Code     0  startup_stm32f411xe.o(.text)
    __aeabi_uldivmod                         0x080001d1   Thumb Code    98  uldiv.o(.text)
    __aeabi_memcpy                           0x08000233   Thumb Code    36  memcpya.o(.text)
    __aeabi_memcpy4                          0x08000233   Thumb Code     0  memcpya.o(.text)
    __aeabi_memcpy8                          0x08000233   Thumb Code     0  memcpya.o(.text)
    __aeabi_memset                           0x08000257   Thumb Code    14  memseta.o(.text)
    __aeabi_memset4                          0x08000257   Thumb Code     0  memseta.o(.text)
    __aeabi_memset8                          0x08000257   Thumb Code     0  memseta.o(.text)
    __aeabi_memclr                           0x08000265   Thumb Code     4  memseta.o(.text)
    __aeabi_memclr4                          0x08000265   Thumb Code     0  memseta.o(.text)
    __aeabi_memclr8                          0x08000265   Thumb Code     0  memseta.o(.text)
    _memset$wrapper                          0x08000269   Thumb Code    18  memseta.o(.text)
    __aeabi_llsl                             0x0800027b   Thumb Code    30  llshl.o(.text)
    _ll_shift_l                              0x0800027b   Thumb Code     0  llshl.o(.text)
    __aeabi_llsr                             0x08000299   Thumb Code    32  llushr.o(.text)
    _ll_ushift_r                             0x08000299   Thumb Code     0  llushr.o(.text)
    __scatterload                            0x080002b9   Thumb Code    28  init.o(.text)
    __scatterload_rt2                        0x080002b9   Thumb Code     0  init.o(.text)
    __decompress                             0x080002dd   Thumb Code     0  __dczerorl2.o(.text)
    __decompress1                            0x080002dd   Thumb Code    86  __dczerorl2.o(.text)
    ADC_IRQHandler                           0x080003c1   Thumb Code     6  stm32f4xx_it.o(i.ADC_IRQHandler)
    BusFault_Handler                         0x080004f5   Thumb Code     2  stm32f4xx_it.o(i.BusFault_Handler)
    DMA2_Stream0_IRQHandler                  0x080004f9   Thumb Code     6  stm32f4xx_it.o(i.DMA2_Stream0_IRQHandler)
    DebugMon_Handler                         0x080005a9   Thumb Code     2  stm32f4xx_it.o(i.DebugMon_Handler)
    Error_Handler                            0x080005ab   Thumb Code     2  main.o(i.Error_Handler)
    HAL_ADCEx_InjectedConvCpltCallback       0x080005ad   Thumb Code     2  stm32f4xx_hal_adc_ex.o(i.HAL_ADCEx_InjectedConvCpltCallback)
    HAL_ADC_ConfigChannel                    0x080005b1   Thumb Code   334  stm32f4xx_hal_adc.o(i.HAL_ADC_ConfigChannel)
    HAL_ADC_ConvCpltCallback                 0x08000715   Thumb Code   100  main.o(i.HAL_ADC_ConvCpltCallback)
    HAL_ADC_ConvHalfCpltCallback             0x08000785   Thumb Code     2  stm32f4xx_hal_adc.o(i.HAL_ADC_ConvHalfCpltCallback)
    HAL_ADC_ErrorCallback                    0x08000787   Thumb Code     2  stm32f4xx_hal_adc.o(i.HAL_ADC_ErrorCallback)
    HAL_ADC_IRQHandler                       0x08000789   Thumb Code   316  stm32f4xx_hal_adc.o(i.HAL_ADC_IRQHandler)
    HAL_ADC_Init                             0x080008c5   Thumb Code    84  stm32f4xx_hal_adc.o(i.HAL_ADC_Init)
    HAL_ADC_LevelOutOfWindowCallback         0x08000919   Thumb Code     2  stm32f4xx_hal_adc.o(i.HAL_ADC_LevelOutOfWindowCallback)
    HAL_ADC_MspInit                          0x0800091d   Thumb Code   148  stm32f4xx_hal_msp.o(i.HAL_ADC_MspInit)
    HAL_ADC_Start_DMA                        0x080009c5   Thumb Code   228  stm32f4xx_hal_adc.o(i.HAL_ADC_Start_DMA)
    HAL_DMA_IRQHandler                       0x08000ac5   Thumb Code   412  stm32f4xx_hal_dma.o(i.HAL_DMA_IRQHandler)
    HAL_DMA_Init                             0x08000c65   Thumb Code   206  stm32f4xx_hal_dma.o(i.HAL_DMA_Init)
    HAL_DMA_Start_IT                         0x08000d39   Thumb Code   110  stm32f4xx_hal_dma.o(i.HAL_DMA_Start_IT)
    HAL_Delay                                0x08000da9   Thumb Code    32  stm32f4xx_hal.o(i.HAL_Delay)
    HAL_GPIO_Init                            0x08000dcd   Thumb Code   370  stm32f4xx_hal_gpio.o(i.HAL_GPIO_Init)
    HAL_GPIO_ReadPin                         0x08000f61   Thumb Code    10  stm32f4xx_hal_gpio.o(i.HAL_GPIO_ReadPin)
    HAL_GPIO_WritePin                        0x08000f6b   Thumb Code    10  stm32f4xx_hal_gpio.o(i.HAL_GPIO_WritePin)
    HAL_GetTick                              0x08000f75   Thumb Code     6  stm32f4xx_hal.o(i.HAL_GetTick)
    HAL_IncTick                              0x08000f81   Thumb Code    12  stm32f4xx_hal.o(i.HAL_IncTick)
    HAL_Init                                 0x08000f91   Thumb Code    48  stm32f4xx_hal.o(i.HAL_Init)
    HAL_InitTick                             0x08000fc5   Thumb Code    54  stm32f4xx_hal.o(i.HAL_InitTick)
    HAL_MspInit                              0x08001005   Thumb Code    42  stm32f4xx_hal_msp.o(i.HAL_MspInit)
    HAL_NVIC_EnableIRQ                       0x08001035   Thumb Code    26  stm32f4xx_hal_cortex.o(i.HAL_NVIC_EnableIRQ)
    HAL_NVIC_SetPriority                     0x08001051   Thumb Code    60  stm32f4xx_hal_cortex.o(i.HAL_NVIC_SetPriority)
    HAL_NVIC_SetPriorityGrouping             0x08001091   Thumb Code    26  stm32f4xx_hal_cortex.o(i.HAL_NVIC_SetPriorityGrouping)
    HAL_PCDEx_LPM_Callback                   0x080010b5   Thumb Code     2  stm32f4xx_hal_pcd_ex.o(i.HAL_PCDEx_LPM_Callback)
    HAL_PCDEx_SetRxFiFo                      0x080010b7   Thumb Code     8  stm32f4xx_hal_pcd_ex.o(i.HAL_PCDEx_SetRxFiFo)
    HAL_PCDEx_SetTxFiFo                      0x080010bf   Thumb Code    68  stm32f4xx_hal_pcd_ex.o(i.HAL_PCDEx_SetTxFiFo)
    HAL_PCD_ConnectCallback                  0x08001103   Thumb Code     8  usbd_conf.o(i.HAL_PCD_ConnectCallback)
    HAL_PCD_DataInStageCallback              0x0800110b   Thumb Code    18  usbd_conf.o(i.HAL_PCD_DataInStageCallback)
    HAL_PCD_DataOutStageCallback             0x0800111d   Thumb Code    20  usbd_conf.o(i.HAL_PCD_DataOutStageCallback)
    HAL_PCD_DisconnectCallback               0x08001131   Thumb Code     8  usbd_conf.o(i.HAL_PCD_DisconnectCallback)
    HAL_PCD_EP_Close                         0x08001139   Thumb Code    76  stm32f4xx_hal_pcd.o(i.HAL_PCD_EP_Close)
    HAL_PCD_EP_ClrStall                      0x08001185   Thumb Code    92  stm32f4xx_hal_pcd.o(i.HAL_PCD_EP_ClrStall)
    HAL_PCD_EP_Open                          0x080011e1   Thumb Code    96  stm32f4xx_hal_pcd.o(i.HAL_PCD_EP_Open)
    HAL_PCD_EP_Receive                       0x08001241   Thumb Code    72  stm32f4xx_hal_pcd.o(i.HAL_PCD_EP_Receive)
    HAL_PCD_EP_SetStall                      0x08001289   Thumb Code   116  stm32f4xx_hal_pcd.o(i.HAL_PCD_EP_SetStall)
    HAL_PCD_EP_Transmit                      0x080012fd   Thumb Code    64  stm32f4xx_hal_pcd.o(i.HAL_PCD_EP_Transmit)
    HAL_PCD_IRQHandler                       0x0800133d   Thumb Code  1114  stm32f4xx_hal_pcd.o(i.HAL_PCD_IRQHandler)
    HAL_PCD_ISOINIncompleteCallback          0x080017a1   Thumb Code     8  usbd_conf.o(i.HAL_PCD_ISOINIncompleteCallback)
    HAL_PCD_ISOOUTIncompleteCallback         0x080017a9   Thumb Code     8  usbd_conf.o(i.HAL_PCD_ISOOUTIncompleteCallback)
    HAL_PCD_Init                             0x080017b1   Thumb Code   226  stm32f4xx_hal_pcd.o(i.HAL_PCD_Init)
    HAL_PCD_MspInit                          0x08001895   Thumb Code   122  usbd_conf.o(i.HAL_PCD_MspInit)
    HAL_PCD_ResetCallback                    0x08001919   Thumb Code    38  usbd_conf.o(i.HAL_PCD_ResetCallback)
    HAL_PCD_ResumeCallback                   0x0800193f   Thumb Code     8  usbd_conf.o(i.HAL_PCD_ResumeCallback)
    HAL_PCD_SOFCallback                      0x08001947   Thumb Code     8  usbd_conf.o(i.HAL_PCD_SOFCallback)
    HAL_PCD_SetAddress                       0x0800194f   Thumb Code    40  stm32f4xx_hal_pcd.o(i.HAL_PCD_SetAddress)
    HAL_PCD_SetupStageCallback               0x08001977   Thumb Code    14  usbd_conf.o(i.HAL_PCD_SetupStageCallback)
    HAL_PCD_Start                            0x08001985   Thumb Code    66  stm32f4xx_hal_pcd.o(i.HAL_PCD_Start)
    HAL_PCD_SuspendCallback                  0x080019c9   Thumb Code    44  usbd_conf.o(i.HAL_PCD_SuspendCallback)
    HAL_RCC_ClockConfig                      0x080019f9   Thumb Code   288  stm32f4xx_hal_rcc.o(i.HAL_RCC_ClockConfig)
    HAL_RCC_GetHCLKFreq                      0x08001b2d   Thumb Code     6  stm32f4xx_hal_rcc.o(i.HAL_RCC_GetHCLKFreq)
    HAL_RCC_GetSysClockFreq                  0x08001b39   Thumb Code    88  stm32f4xx_hal_rcc.o(i.HAL_RCC_GetSysClockFreq)
    HAL_RCC_OscConfig                        0x08001b99   Thumb Code   834  stm32f4xx_hal_rcc.o(i.HAL_RCC_OscConfig)
    HAL_SYSTICK_Config                       0x08001ef5   Thumb Code    40  stm32f4xx_hal_cortex.o(i.HAL_SYSTICK_Config)
    HAL_TIMEx_BreakCallback                  0x08001f1d   Thumb Code     2  stm32f4xx_hal_tim_ex.o(i.HAL_TIMEx_BreakCallback)
    HAL_TIMEx_CommutCallback                 0x08001f1f   Thumb Code     2  stm32f4xx_hal_tim_ex.o(i.HAL_TIMEx_CommutCallback)
    HAL_TIMEx_MasterConfigSynchronization    0x08001f21   Thumb Code   104  stm32f4xx_hal_tim_ex.o(i.HAL_TIMEx_MasterConfigSynchronization)
    HAL_TIM_Base_Init                        0x08001f9d   Thumb Code    54  stm32f4xx_hal_tim.o(i.HAL_TIM_Base_Init)
    HAL_TIM_Base_MspInit                     0x08001fd5   Thumb Code    50  stm32f4xx_hal_msp.o(i.HAL_TIM_Base_MspInit)
    HAL_TIM_Base_Start                       0x08002011   Thumb Code    36  stm32f4xx_hal_tim.o(i.HAL_TIM_Base_Start)
    HAL_TIM_ConfigClockSource                0x08002035   Thumb Code   214  stm32f4xx_hal_tim.o(i.HAL_TIM_ConfigClockSource)
    HAL_TIM_IC_CaptureCallback               0x0800210b   Thumb Code     2  stm32f4xx_hal_tim.o(i.HAL_TIM_IC_CaptureCallback)
    HAL_TIM_IRQHandler                       0x0800210d   Thumb Code   358  stm32f4xx_hal_tim.o(i.HAL_TIM_IRQHandler)
    HAL_TIM_OC_DelayElapsedCallback          0x08002273   Thumb Code     2  stm32f4xx_hal_tim.o(i.HAL_TIM_OC_DelayElapsedCallback)
    HAL_TIM_PWM_PulseFinishedCallback        0x08002275   Thumb Code     2  stm32f4xx_hal_tim.o(i.HAL_TIM_PWM_PulseFinishedCallback)
    HAL_TIM_PeriodElapsedCallback            0x08002277   Thumb Code     2  stm32f4xx_hal_tim.o(i.HAL_TIM_PeriodElapsedCallback)
    HAL_TIM_TriggerCallback                  0x08002279   Thumb Code     2  stm32f4xx_hal_tim.o(i.HAL_TIM_TriggerCallback)
    HardFault_Handler                        0x0800227b   Thumb Code     2  stm32f4xx_it.o(i.HardFault_Handler)
    MX_USB_DEVICE_Init                       0x080023f5   Thumb Code    52  usb_device.o(i.MX_USB_DEVICE_Init)
    MemManage_Handler                        0x08002435   Thumb Code     2  stm32f4xx_it.o(i.MemManage_Handler)
    NMI_Handler                              0x08002437   Thumb Code     2  stm32f4xx_it.o(i.NMI_Handler)
    OTG_FS_IRQHandler                        0x08002439   Thumb Code     6  stm32f4xx_it.o(i.OTG_FS_IRQHandler)
    PendSV_Handler                           0x080025c3   Thumb Code     2  stm32f4xx_it.o(i.PendSV_Handler)
    SVC_Handler                              0x080025c5   Thumb Code     2  stm32f4xx_it.o(i.SVC_Handler)
    SysTick_Handler                          0x080025c7   Thumb Code     4  stm32f4xx_it.o(i.SysTick_Handler)
    SystemClock_Config                       0x080025cd   Thumb Code   120  main.o(i.SystemClock_Config)
    SystemInit                               0x0800264d   Thumb Code    22  system_stm32f4xx.o(i.SystemInit)
    TIM3_IRQHandler                          0x08002669   Thumb Code     6  stm32f4xx_it.o(i.TIM3_IRQHandler)
    TIM_Base_SetConfig                       0x08002675   Thumb Code   122  stm32f4xx_hal_tim.o(i.TIM_Base_SetConfig)
    TIM_ETR_SetConfig                        0x0800270d   Thumb Code    20  stm32f4xx_hal_tim.o(i.TIM_ETR_SetConfig)
    USBD_ClrClassConfig                      0x08002777   Thumb Code    14  usbd_core.o(i.USBD_ClrClassConfig)
    USBD_CtlContinueRx                       0x08002785   Thumb Code    16  usbd_ioreq.o(i.USBD_CtlContinueRx)
    USBD_CtlContinueSendData                 0x08002795   Thumb Code    16  usbd_ioreq.o(i.USBD_CtlContinueSendData)
    USBD_CtlError                            0x080027a5   Thumb Code    22  usbd_ctlreq.o(i.USBD_CtlError)
    USBD_CtlReceiveStatus                    0x080027bb   Thumb Code    22  usbd_ioreq.o(i.USBD_CtlReceiveStatus)
    USBD_CtlSendData                         0x080027d1   Thumb Code    26  usbd_ioreq.o(i.USBD_CtlSendData)
    USBD_CtlSendStatus                       0x080027eb   Thumb Code    22  usbd_ioreq.o(i.USBD_CtlSendStatus)
    USBD_FS_ConfigStrDescriptor              0x08002801   Thumb Code    16  usbd_desc.o(i.USBD_FS_ConfigStrDescriptor)
    USBD_FS_DeviceDescriptor                 0x08002821   Thumb Code     8  usbd_desc.o(i.USBD_FS_DeviceDescriptor)
    USBD_FS_InterfaceStrDescriptor           0x0800282d   Thumb Code    16  usbd_desc.o(i.USBD_FS_InterfaceStrDescriptor)
    USBD_FS_LangIDStrDescriptor              0x08002851   Thumb Code     8  usbd_desc.o(i.USBD_FS_LangIDStrDescriptor)
    USBD_FS_ManufacturerStrDescriptor        0x0800285d   Thumb Code    16  usbd_desc.o(i.USBD_FS_ManufacturerStrDescriptor)
    USBD_FS_ProductStrDescriptor             0x08002885   Thumb Code    16  usbd_desc.o(i.USBD_FS_ProductStrDescriptor)
    USBD_FS_SerialStrDescriptor              0x080028ad   Thumb Code    48  usbd_desc.o(i.USBD_FS_SerialStrDescriptor)
    USBD_GetString                           0x080029cd   Thumb Code    72  usbd_ctlreq.o(i.USBD_GetString)
    USBD_Get_USB_Status                      0x08002a15   Thumb Code    24  usbd_conf.o(i.USBD_Get_USB_Status)
    USBD_HID_SendReport                      0x08002ab3   Thumb Code    36  usbd_hid.o(i.USBD_HID_SendReport)
    USBD_Init                                0x08002ba1   Thumb Code    42  usbd_core.o(i.USBD_Init)
    USBD_LL_ClearStallEP                     0x08002bcb   Thumb Code    18  usbd_conf.o(i.USBD_LL_ClearStallEP)
    USBD_LL_CloseEP                          0x08002bdd   Thumb Code    18  usbd_conf.o(i.USBD_LL_CloseEP)
    USBD_LL_DataInStage                      0x08002bef   Thumb Code   198  usbd_core.o(i.USBD_LL_DataInStage)
    USBD_LL_DataOutStage                     0x08002cb5   Thumb Code   130  usbd_core.o(i.USBD_LL_DataOutStage)
    USBD_LL_DevConnected                     0x08002d37   Thumb Code     4  usbd_core.o(i.USBD_LL_DevConnected)
    USBD_LL_DevDisconnected                  0x08002d3b   Thumb Code    22  usbd_core.o(i.USBD_LL_DevDisconnected)
    USBD_LL_Init                             0x08002d51   Thumb Code    90  usbd_conf.o(i.USBD_LL_Init)
    USBD_LL_IsStallEP                        0x08002db1   Thumb Code    32  usbd_conf.o(i.USBD_LL_IsStallEP)
    USBD_LL_IsoINIncomplete                  0x08002dd1   Thumb Code     4  usbd_core.o(i.USBD_LL_IsoINIncomplete)
    USBD_LL_IsoOUTIncomplete                 0x08002dd5   Thumb Code     4  usbd_core.o(i.USBD_LL_IsoOUTIncomplete)
    USBD_LL_OpenEP                           0x08002dd9   Thumb Code    24  usbd_conf.o(i.USBD_LL_OpenEP)
    USBD_LL_PrepareReceive                   0x08002df1   Thumb Code    18  usbd_conf.o(i.USBD_LL_PrepareReceive)
    USBD_LL_Reset                            0x08002e03   Thumb Code    80  usbd_core.o(i.USBD_LL_Reset)
    USBD_LL_Resume                           0x08002e53   Thumb Code    12  usbd_core.o(i.USBD_LL_Resume)
    USBD_LL_SOF                              0x08002e5f   Thumb Code    24  usbd_core.o(i.USBD_LL_SOF)
    USBD_LL_SetSpeed                         0x08002e77   Thumb Code     6  usbd_core.o(i.USBD_LL_SetSpeed)
    USBD_LL_SetUSBAddress                    0x08002e7d   Thumb Code    18  usbd_conf.o(i.USBD_LL_SetUSBAddress)
    USBD_LL_SetupStage                       0x08002e8f   Thumb Code    90  usbd_core.o(i.USBD_LL_SetupStage)
    USBD_LL_StallEP                          0x08002ee9   Thumb Code    18  usbd_conf.o(i.USBD_LL_StallEP)
    USBD_LL_Start                            0x08002efb   Thumb Code    18  usbd_conf.o(i.USBD_LL_Start)
    USBD_LL_Suspend                          0x08002f0d   Thumb Code    18  usbd_core.o(i.USBD_LL_Suspend)
    USBD_LL_Transmit                         0x08002f1f   Thumb Code    18  usbd_conf.o(i.USBD_LL_Transmit)
    USBD_ParseSetupRequest                   0x08002f31   Thumb Code    40  usbd_ctlreq.o(i.USBD_ParseSetupRequest)
    USBD_RegisterClass                       0x08002f59   Thumb Code    16  usbd_core.o(i.USBD_RegisterClass)
    USBD_SetClassConfig                      0x08002f69   Thumb Code    22  usbd_core.o(i.USBD_SetClassConfig)
    USBD_Start                               0x08003005   Thumb Code    10  usbd_core.o(i.USBD_Start)
    USBD_StdDevReq                           0x0800300f   Thumb Code   274  usbd_ctlreq.o(i.USBD_StdDevReq)
    USBD_StdEPReq                            0x08003121   Thumb Code   336  usbd_ctlreq.o(i.USBD_StdEPReq)
    USBD_StdItfReq                           0x08003271   Thumb Code    78  usbd_ctlreq.o(i.USBD_StdItfReq)
    USB_ActivateEndpoint                     0x080032c1   Thumb Code   122  stm32f4xx_ll_usb.o(i.USB_ActivateEndpoint)
    USB_ActivateSetup                        0x08003341   Thumb Code    52  stm32f4xx_ll_usb.o(i.USB_ActivateSetup)
    USB_CoreInit                             0x08003375   Thumb Code   112  stm32f4xx_ll_usb.o(i.USB_CoreInit)
    USB_DeactivateEndpoint                   0x08003421   Thumb Code   118  stm32f4xx_ll_usb.o(i.USB_DeactivateEndpoint)
    USB_DevConnect                           0x080034a1   Thumb Code    24  stm32f4xx_ll_usb.o(i.USB_DevConnect)
    USB_DevDisconnect                        0x080034b9   Thumb Code    24  stm32f4xx_ll_usb.o(i.USB_DevDisconnect)
    USB_DevInit                              0x080034d1   Thumb Code   378  stm32f4xx_ll_usb.o(i.USB_DevInit)
    USB_DisableGlobalInt                     0x0800365d   Thumb Code    12  stm32f4xx_ll_usb.o(i.USB_DisableGlobalInt)
    USB_EP0StartXfer                         0x08003669   Thumb Code   276  stm32f4xx_ll_usb.o(i.USB_EP0StartXfer)
    USB_EP0_OutStart                         0x08003781   Thumb Code    84  stm32f4xx_ll_usb.o(i.USB_EP0_OutStart)
    USB_EPClearStall                         0x080037d9   Thumb Code    88  stm32f4xx_ll_usb.o(i.USB_EPClearStall)
    USB_EPSetStall                           0x08003831   Thumb Code    88  stm32f4xx_ll_usb.o(i.USB_EPSetStall)
    USB_EPStartXfer                          0x08003889   Thumb Code   482  stm32f4xx_ll_usb.o(i.USB_EPStartXfer)
    USB_EnableGlobalInt                      0x08003a71   Thumb Code    12  stm32f4xx_ll_usb.o(i.USB_EnableGlobalInt)
    USB_FlushRxFifo                          0x08003a7d   Thumb Code    28  stm32f4xx_ll_usb.o(i.USB_FlushRxFifo)
    USB_FlushTxFifo                          0x08003a9d   Thumb Code    32  stm32f4xx_ll_usb.o(i.USB_FlushTxFifo)
    USB_GetDevSpeed                          0x08003ac1   Thumb Code    26  stm32f4xx_ll_usb.o(i.USB_GetDevSpeed)
    USB_GetMode                              0x08003adb   Thumb Code     8  stm32f4xx_ll_usb.o(i.USB_GetMode)
    USB_ReadDevAllInEpInterrupt              0x08003ae3   Thumb Code    14  stm32f4xx_ll_usb.o(i.USB_ReadDevAllInEpInterrupt)
    USB_ReadDevAllOutEpInterrupt             0x08003af1   Thumb Code    14  stm32f4xx_ll_usb.o(i.USB_ReadDevAllOutEpInterrupt)
    USB_ReadDevInEPInterrupt                 0x08003aff   Thumb Code    36  stm32f4xx_ll_usb.o(i.USB_ReadDevInEPInterrupt)
    USB_ReadDevOutEPInterrupt                0x08003b23   Thumb Code    16  stm32f4xx_ll_usb.o(i.USB_ReadDevOutEPInterrupt)
    USB_ReadInterrupts                       0x08003b33   Thumb Code     8  stm32f4xx_ll_usb.o(i.USB_ReadInterrupts)
    USB_ReadPacket                           0x08003b3b   Thumb Code    28  stm32f4xx_ll_usb.o(i.USB_ReadPacket)
    USB_SetCurrentMode                       0x08003b57   Thumb Code    46  stm32f4xx_ll_usb.o(i.USB_SetCurrentMode)
    USB_SetDevAddress                        0x08003b85   Thumb Code    34  stm32f4xx_ll_usb.o(i.USB_SetDevAddress)
    USB_SetTurnaroundTime                    0x08003ba9   Thumb Code   158  stm32f4xx_ll_usb.o(i.USB_SetTurnaroundTime)
    USB_WritePacket                          0x08003c91   Thumb Code    36  stm32f4xx_ll_usb.o(i.USB_WritePacket)
    UsageFault_Handler                       0x08003cb5   Thumb Code     2  stm32f4xx_it.o(i.UsageFault_Handler)
    __scatterload_copy                       0x08003cd7   Thumb Code    14  handlers.o(i.__scatterload_copy)
    __scatterload_null                       0x08003ce5   Thumb Code     2  handlers.o(i.__scatterload_null)
    __scatterload_zeroinit                   0x08003ce7   Thumb Code    14  handlers.o(i.__scatterload_zeroinit)
    free                                     0x08003cf5   Thumb Code    76  malloc.o(i.free)
    main                                     0x08003d45   Thumb Code   122  main.o(i.main)
    malloc                                   0x08003dd1   Thumb Code    92  malloc.o(i.malloc)
    AHBPrescTable                            0x08003e44   Data          16  system_stm32f4xx.o(.constdata)
    Region$$Table$$Base                      0x08003e54   Number         0  anon$$obj.o(Region$$Table)
    Region$$Table$$Limit                     0x08003e74   Number         0  anon$$obj.o(Region$$Table)
    Report                                   0x20000000   Data           4  main.o(.data)
    Stick1                                   0x20000004   Data           4  main.o(.data)
    Stick2                                   0x20000008   Data           4  main.o(.data)
    FS_Desc                                  0x2000000c   Data          28  usbd_desc.o(.data)
    USBD_LangIDDesc                          0x20000028   Data           4  usbd_desc.o(.data)
    USBD_FS_DeviceDesc                       0x2000002c   Data          18  usbd_desc.o(.data)
    USBD_StringSerial                        0x20000040   Data          26  usbd_desc.o(.data)
    uwTickFreq                               0x2000005c   Data           1  stm32f4xx_hal.o(.data)
    uwTickPrio                               0x20000060   Data           4  stm32f4xx_hal.o(.data)
    uwTick                                   0x20000064   Data           4  stm32f4xx_hal.o(.data)
    SystemCoreClock                          0x20000068   Data           4  system_stm32f4xx.o(.data)
    USBD_HID                                 0x20000070   Data          56  usbd_hid.o(.data)
    __microlib_freelist                      0x20000178   Data           4  mvars.o(.data)
    __microlib_freelist_initialised          0x2000017c   Data           4  mvars.o(.data)
    hadc1                                    0x20000180   Data          72  main.o(.bss)
    htim3                                    0x200001c8   Data          64  main.o(.bss)
    ADC_results                              0x20000208   Data        1640  main.o(.bss)
    hdma_adc1                                0x20000870   Data          96  main.o(.bss)
    hUsbDeviceFS                             0x200008d0   Data         668  usb_device.o(.bss)
    hpcd_USB_OTG_FS                          0x20000b6c   Data        1032  usbd_conf.o(.bss)
    USBD_StrDesc                             0x20000f74   Data         512  usbd_desc.o(.bss)
    __heap_base                              0x20001178   Data           0  startup_stm32f411xe.o(HEAP)
    __heap_limit                             0x20001378   Data           0  startup_stm32f411xe.o(HEAP)
    __initial_sp                             0x20001778   Data           0  startup_stm32f411xe.o(STACK)



==============================================================================

Memory Map of the image

  Image Entry point : 0x08000199

  Load Region LR_IROM1 (Base: 0x08000000, Size: 0x00003ff4, Max: 0x00080000, ABSOLUTE, COMPRESSED[0x00003f48])

    Execution Region ER_IROM1 (Exec base: 0x08000000, Load base: 0x08000000, Size: 0x00003e74, Max: 0x00080000, ABSOLUTE)

    Exec Addr    Load Addr    Size         Type   Attr      Idx    E Section Name        Object

    0x08000000   0x08000000   0x00000198   Data   RO            3    RESET               startup_stm32f411xe.o
    0x08000198   0x08000198   0x00000000   Code   RO         4027  * .ARM.Collect$$$$00000000  mc_w.l(entry.o)
    0x08000198   0x08000198   0x00000004   Code   RO         4066    .ARM.Collect$$$$00000001  mc_w.l(entry2.o)
    0x0800019c   0x0800019c   0x00000004   Code   RO         4069    .ARM.Collect$$$$00000004  mc_w.l(entry5.o)
    0x080001a0   0x080001a0   0x00000000   Code   RO         4071    .ARM.Collect$$$$00000008  mc_w.l(entry7b.o)
    0x080001a0   0x080001a0   0x00000000   Code   RO         4073    .ARM.Collect$$$$0000000A  mc_w.l(entry8b.o)
    0x080001a0   0x080001a0   0x00000008   Code   RO         4074    .ARM.Collect$$$$0000000B  mc_w.l(entry9a.o)
    0x080001a8   0x080001a8   0x00000000   Code   RO         4076    .ARM.Collect$$$$0000000D  mc_w.l(entry10a.o)
    0x080001a8   0x080001a8   0x00000000   Code   RO         4078    .ARM.Collect$$$$0000000F  mc_w.l(entry11a.o)
    0x080001a8   0x080001a8   0x00000004   Code   RO         4067    .ARM.Collect$$$$00002712  mc_w.l(entry2.o)
    0x080001ac   0x080001ac   0x00000024   Code   RO            4    .text               startup_stm32f411xe.o
    0x080001d0   0x080001d0   0x00000062   Code   RO         4030    .text               mc_w.l(uldiv.o)
    0x08000232   0x08000232   0x00000024   Code   RO         4032    .text               mc_w.l(memcpya.o)
    0x08000256   0x08000256   0x00000024   Code   RO         4034    .text               mc_w.l(memseta.o)
    0x0800027a   0x0800027a   0x0000001e   Code   RO         4080    .text               mc_w.l(llshl.o)
    0x08000298   0x08000298   0x00000020   Code   RO         4082    .text               mc_w.l(llushr.o)
    0x080002b8   0x080002b8   0x00000024   Code   RO         4086    .text               mc_w.l(init.o)
    0x080002dc   0x080002dc   0x00000056   Code   RO         4096    .text               mc_w.l(__dczerorl2.o)
    0x08000332   0x08000332   0x0000006e   Code   RO         2449    i.ADC_DMAConvCplt   stm32f4xx_hal_adc.o
    0x080003a0   0x080003a0   0x00000016   Code   RO         2450    i.ADC_DMAError      stm32f4xx_hal_adc.o
    0x080003b6   0x080003b6   0x0000000a   Code   RO         2451    i.ADC_DMAHalfConvCplt  stm32f4xx_hal_adc.o
    0x080003c0   0x080003c0   0x0000000c   Code   RO          528    i.ADC_IRQHandler    stm32f4xx_it.o
    0x080003cc   0x080003cc   0x00000128   Code   RO         2452    i.ADC_Init          stm32f4xx_hal_adc.o
    0x080004f4   0x080004f4   0x00000002   Code   RO          529    i.BusFault_Handler  stm32f4xx_it.o
    0x080004f6   0x080004f6   0x00000002   PAD
    0x080004f8   0x080004f8   0x0000000c   Code   RO          530    i.DMA2_Stream0_IRQHandler  stm32f4xx_it.o
    0x08000504   0x08000504   0x00000028   Code   RO         1752    i.DMA_CalcBaseAndBitshift  stm32f4xx_hal_dma.o
    0x0800052c   0x0800052c   0x00000054   Code   RO         1753    i.DMA_CheckFifoParam  stm32f4xx_hal_dma.o
    0x08000580   0x08000580   0x00000028   Code   RO         1754    i.DMA_SetConfig     stm32f4xx_hal_dma.o
    0x080005a8   0x080005a8   0x00000002   Code   RO          531    i.DebugMon_Handler  stm32f4xx_it.o
    0x080005aa   0x080005aa   0x00000002   Code   RO           13    i.Error_Handler     main.o
    0x080005ac   0x080005ac   0x00000002   Code   RO         2623    i.HAL_ADCEx_InjectedConvCpltCallback  stm32f4xx_hal_adc_ex.o
    0x080005ae   0x080005ae   0x00000002   PAD
    0x080005b0   0x080005b0   0x00000164   Code   RO         2454    i.HAL_ADC_ConfigChannel  stm32f4xx_hal_adc.o
    0x08000714   0x08000714   0x00000070   Code   RO           14    i.HAL_ADC_ConvCpltCallback  main.o
    0x08000784   0x08000784   0x00000002   Code   RO         2456    i.HAL_ADC_ConvHalfCpltCallback  stm32f4xx_hal_adc.o
    0x08000786   0x08000786   0x00000002   Code   RO         2458    i.HAL_ADC_ErrorCallback  stm32f4xx_hal_adc.o
    0x08000788   0x08000788   0x0000013c   Code   RO         2462    i.HAL_ADC_IRQHandler  stm32f4xx_hal_adc.o
    0x080008c4   0x080008c4   0x00000054   Code   RO         2463    i.HAL_ADC_Init      stm32f4xx_hal_adc.o
    0x08000918   0x08000918   0x00000002   Code   RO         2464    i.HAL_ADC_LevelOutOfWindowCallback  stm32f4xx_hal_adc.o
    0x0800091a   0x0800091a   0x00000002   PAD
    0x0800091c   0x0800091c   0x000000a8   Code   RO          629    i.HAL_ADC_MspInit   stm32f4xx_hal_msp.o
    0x080009c4   0x080009c4   0x00000100   Code   RO         2470    i.HAL_ADC_Start_DMA  stm32f4xx_hal_adc.o
    0x08000ac4   0x08000ac4   0x000001a0   Code   RO         1760    i.HAL_DMA_IRQHandler  stm32f4xx_hal_dma.o
    0x08000c64   0x08000c64   0x000000d4   Code   RO         1761    i.HAL_DMA_Init      stm32f4xx_hal_dma.o
    0x08000d38   0x08000d38   0x0000006e   Code   RO         1765    i.HAL_DMA_Start_IT  stm32f4xx_hal_dma.o
    0x08000da6   0x08000da6   0x00000002   PAD
    0x08000da8   0x08000da8   0x00000024   Code   RO         2198    i.HAL_Delay         stm32f4xx_hal.o
    0x08000dcc   0x08000dcc   0x00000194   Code   RO         1648    i.HAL_GPIO_Init     stm32f4xx_hal_gpio.o
    0x08000f60   0x08000f60   0x0000000a   Code   RO         1650    i.HAL_GPIO_ReadPin  stm32f4xx_hal_gpio.o
    0x08000f6a   0x08000f6a   0x0000000a   Code   RO         1652    i.HAL_GPIO_WritePin  stm32f4xx_hal_gpio.o
    0x08000f74   0x08000f74   0x0000000c   Code   RO         2204    i.HAL_GetTick       stm32f4xx_hal.o
    0x08000f80   0x08000f80   0x00000010   Code   RO         2210    i.HAL_IncTick       stm32f4xx_hal.o
    0x08000f90   0x08000f90   0x00000034   Code   RO         2211    i.HAL_Init          stm32f4xx_hal.o
    0x08000fc4   0x08000fc4   0x00000040   Code   RO         2212    i.HAL_InitTick      stm32f4xx_hal.o
    0x08001004   0x08001004   0x00000030   Code   RO          630    i.HAL_MspInit       stm32f4xx_hal_msp.o
    0x08001034   0x08001034   0x0000001a   Code   RO         2061    i.HAL_NVIC_EnableIRQ  stm32f4xx_hal_cortex.o
    0x0800104e   0x0800104e   0x00000002   PAD
    0x08001050   0x08001050   0x00000040   Code   RO         2067    i.HAL_NVIC_SetPriority  stm32f4xx_hal_cortex.o
    0x08001090   0x08001090   0x00000024   Code   RO         2068    i.HAL_NVIC_SetPriorityGrouping  stm32f4xx_hal_cortex.o
    0x080010b4   0x080010b4   0x00000002   Code   RO          898    i.HAL_PCDEx_LPM_Callback  stm32f4xx_hal_pcd_ex.o
    0x080010b6   0x080010b6   0x00000008   Code   RO          899    i.HAL_PCDEx_SetRxFiFo  stm32f4xx_hal_pcd_ex.o
    0x080010be   0x080010be   0x00000044   Code   RO          900    i.HAL_PCDEx_SetTxFiFo  stm32f4xx_hal_pcd_ex.o
    0x08001102   0x08001102   0x00000008   Code   RO          247    i.HAL_PCD_ConnectCallback  usbd_conf.o
    0x0800110a   0x0800110a   0x00000012   Code   RO          248    i.HAL_PCD_DataInStageCallback  usbd_conf.o
    0x0800111c   0x0800111c   0x00000014   Code   RO          249    i.HAL_PCD_DataOutStageCallback  usbd_conf.o
    0x08001130   0x08001130   0x00000008   Code   RO          250    i.HAL_PCD_DisconnectCallback  usbd_conf.o
    0x08001138   0x08001138   0x0000004c   Code   RO          686    i.HAL_PCD_EP_Close  stm32f4xx_hal_pcd.o
    0x08001184   0x08001184   0x0000005c   Code   RO          687    i.HAL_PCD_EP_ClrStall  stm32f4xx_hal_pcd.o
    0x080011e0   0x080011e0   0x00000060   Code   RO          690    i.HAL_PCD_EP_Open   stm32f4xx_hal_pcd.o
    0x08001240   0x08001240   0x00000048   Code   RO          691    i.HAL_PCD_EP_Receive  stm32f4xx_hal_pcd.o
    0x08001288   0x08001288   0x00000074   Code   RO          692    i.HAL_PCD_EP_SetStall  stm32f4xx_hal_pcd.o
    0x080012fc   0x080012fc   0x00000040   Code   RO          693    i.HAL_PCD_EP_Transmit  stm32f4xx_hal_pcd.o
    0x0800133c   0x0800133c   0x00000464   Code   RO          695    i.HAL_PCD_IRQHandler  stm32f4xx_hal_pcd.o
    0x080017a0   0x080017a0   0x00000008   Code   RO          251    i.HAL_PCD_ISOINIncompleteCallback  usbd_conf.o
    0x080017a8   0x080017a8   0x00000008   Code   RO          252    i.HAL_PCD_ISOOUTIncompleteCallback  usbd_conf.o
    0x080017b0   0x080017b0   0x000000e2   Code   RO          698    i.HAL_PCD_Init      stm32f4xx_hal_pcd.o
    0x08001892   0x08001892   0x00000002   PAD
    0x08001894   0x08001894   0x00000084   Code   RO          254    i.HAL_PCD_MspInit   usbd_conf.o
    0x08001918   0x08001918   0x00000026   Code   RO          255    i.HAL_PCD_ResetCallback  usbd_conf.o
    0x0800193e   0x0800193e   0x00000008   Code   RO          256    i.HAL_PCD_ResumeCallback  usbd_conf.o
    0x08001946   0x08001946   0x00000008   Code   RO          257    i.HAL_PCD_SOFCallback  usbd_conf.o
    0x0800194e   0x0800194e   0x00000028   Code   RO          704    i.HAL_PCD_SetAddress  stm32f4xx_hal_pcd.o
    0x08001976   0x08001976   0x0000000e   Code   RO          258    i.HAL_PCD_SetupStageCallback  usbd_conf.o
    0x08001984   0x08001984   0x00000042   Code   RO          706    i.HAL_PCD_Start     stm32f4xx_hal_pcd.o
    0x080019c6   0x080019c6   0x00000002   PAD
    0x080019c8   0x080019c8   0x00000030   Code   RO          259    i.HAL_PCD_SuspendCallback  usbd_conf.o
    0x080019f8   0x080019f8   0x00000134   Code   RO         1240    i.HAL_RCC_ClockConfig  stm32f4xx_hal_rcc.o
    0x08001b2c   0x08001b2c   0x0000000c   Code   RO         1245    i.HAL_RCC_GetHCLKFreq  stm32f4xx_hal_rcc.o
    0x08001b38   0x08001b38   0x00000060   Code   RO         1249    i.HAL_RCC_GetSysClockFreq  stm32f4xx_hal_rcc.o
    0x08001b98   0x08001b98   0x0000035c   Code   RO         1252    i.HAL_RCC_OscConfig  stm32f4xx_hal_rcc.o
    0x08001ef4   0x08001ef4   0x00000028   Code   RO         2072    i.HAL_SYSTICK_Config  stm32f4xx_hal_cortex.o
    0x08001f1c   0x08001f1c   0x00000002   Code   RO         3401    i.HAL_TIMEx_BreakCallback  stm32f4xx_hal_tim_ex.o
    0x08001f1e   0x08001f1e   0x00000002   Code   RO         3402    i.HAL_TIMEx_CommutCallback  stm32f4xx_hal_tim_ex.o
    0x08001f20   0x08001f20   0x0000007c   Code   RO         3419    i.HAL_TIMEx_MasterConfigSynchronization  stm32f4xx_hal_tim_ex.o
    0x08001f9c   0x08001f9c   0x00000036   Code   RO         2726    i.HAL_TIM_Base_Init  stm32f4xx_hal_tim.o
    0x08001fd2   0x08001fd2   0x00000002   PAD
    0x08001fd4   0x08001fd4   0x0000003c   Code   RO          632    i.HAL_TIM_Base_MspInit  stm32f4xx_hal_msp.o
    0x08002010   0x08002010   0x00000024   Code   RO         2729    i.HAL_TIM_Base_Start  stm32f4xx_hal_tim.o
    0x08002034   0x08002034   0x000000d6   Code   RO         2735    i.HAL_TIM_ConfigClockSource  stm32f4xx_hal_tim.o
    0x0800210a   0x0800210a   0x00000002   Code   RO         2755    i.HAL_TIM_IC_CaptureCallback  stm32f4xx_hal_tim.o
    0x0800210c   0x0800210c   0x00000166   Code   RO         2769    i.HAL_TIM_IRQHandler  stm32f4xx_hal_tim.o
    0x08002272   0x08002272   0x00000002   Code   RO         2772    i.HAL_TIM_OC_DelayElapsedCallback  stm32f4xx_hal_tim.o
    0x08002274   0x08002274   0x00000002   Code   RO         2799    i.HAL_TIM_PWM_PulseFinishedCallback  stm32f4xx_hal_tim.o
    0x08002276   0x08002276   0x00000002   Code   RO         2807    i.HAL_TIM_PeriodElapsedCallback  stm32f4xx_hal_tim.o
    0x08002278   0x08002278   0x00000002   Code   RO         2812    i.HAL_TIM_TriggerCallback  stm32f4xx_hal_tim.o
    0x0800227a   0x0800227a   0x00000002   Code   RO          532    i.HardFault_Handler  stm32f4xx_it.o
    0x0800227c   0x0800227c   0x00000038   Code   RO          442    i.IntToUnicode      usbd_desc.o
    0x080022b4   0x080022b4   0x00000060   Code   RO           15    i.MX_ADC1_Init      main.o
    0x08002314   0x08002314   0x0000008c   Code   RO           16    i.MX_GPIO_Init      main.o
    0x080023a0   0x080023a0   0x00000054   Code   RO           17    i.MX_TIM3_Init      main.o
    0x080023f4   0x080023f4   0x00000040   Code   RO          216    i.MX_USB_DEVICE_Init  usb_device.o
    0x08002434   0x08002434   0x00000002   Code   RO          533    i.MemManage_Handler  stm32f4xx_it.o
    0x08002436   0x08002436   0x00000002   Code   RO          534    i.NMI_Handler       stm32f4xx_it.o
    0x08002438   0x08002438   0x0000000c   Code   RO          535    i.OTG_FS_IRQHandler  stm32f4xx_it.o
    0x08002444   0x08002444   0x000000dc   Code   RO          709    i.PCD_EP_OutXfrComplete_int  stm32f4xx_hal_pcd.o
    0x08002520   0x08002520   0x000000a2   Code   RO          710    i.PCD_WriteEmptyTxFifo  stm32f4xx_hal_pcd.o
    0x080025c2   0x080025c2   0x00000002   Code   RO          536    i.PendSV_Handler    stm32f4xx_it.o
    0x080025c4   0x080025c4   0x00000002   Code   RO          537    i.SVC_Handler       stm32f4xx_it.o
    0x080025c6   0x080025c6   0x00000004   Code   RO          538    i.SysTick_Handler   stm32f4xx_it.o
    0x080025ca   0x080025ca   0x00000002   PAD
    0x080025cc   0x080025cc   0x00000080   Code   RO           18    i.SystemClock_Config  main.o
    0x0800264c   0x0800264c   0x0000001c   Code   RO         3653    i.SystemInit        system_stm32f4xx.o
    0x08002668   0x08002668   0x0000000c   Code   RO          539    i.TIM3_IRQHandler   stm32f4xx_it.o
    0x08002674   0x08002674   0x00000098   Code   RO         2814    i.TIM_Base_SetConfig  stm32f4xx_hal_tim.o
    0x0800270c   0x0800270c   0x00000014   Code   RO         2825    i.TIM_ETR_SetConfig  stm32f4xx_hal_tim.o
    0x08002720   0x08002720   0x00000010   Code   RO         2826    i.TIM_ITRx_SetConfig  stm32f4xx_hal_tim.o
    0x08002730   0x08002730   0x00000022   Code   RO         2832    i.TIM_TI1_ConfigInputStage  stm32f4xx_hal_tim.o
    0x08002752   0x08002752   0x00000024   Code   RO         2834    i.TIM_TI2_ConfigInputStage  stm32f4xx_hal_tim.o
    0x08002776   0x08002776   0x0000000e   Code   RO         3690    i.USBD_ClrClassConfig  usbd_core.o
    0x08002784   0x08002784   0x00000010   Code   RO         3893    i.USBD_CtlContinueRx  usbd_ioreq.o
    0x08002794   0x08002794   0x00000010   Code   RO         3894    i.USBD_CtlContinueSendData  usbd_ioreq.o
    0x080027a4   0x080027a4   0x00000016   Code   RO         3828    i.USBD_CtlError     usbd_ctlreq.o
    0x080027ba   0x080027ba   0x00000016   Code   RO         3896    i.USBD_CtlReceiveStatus  usbd_ioreq.o
    0x080027d0   0x080027d0   0x0000001a   Code   RO         3897    i.USBD_CtlSendData  usbd_ioreq.o
    0x080027ea   0x080027ea   0x00000016   Code   RO         3898    i.USBD_CtlSendStatus  usbd_ioreq.o
    0x08002800   0x08002800   0x00000020   Code   RO          443    i.USBD_FS_ConfigStrDescriptor  usbd_desc.o
    0x08002820   0x08002820   0x0000000c   Code   RO          444    i.USBD_FS_DeviceDescriptor  usbd_desc.o
    0x0800282c   0x0800282c   0x00000024   Code   RO          445    i.USBD_FS_InterfaceStrDescriptor  usbd_desc.o
    0x08002850   0x08002850   0x0000000c   Code   RO          446    i.USBD_FS_LangIDStrDescriptor  usbd_desc.o
    0x0800285c   0x0800285c   0x00000028   Code   RO          447    i.USBD_FS_ManufacturerStrDescriptor  usbd_desc.o
    0x08002884   0x08002884   0x00000028   Code   RO          448    i.USBD_FS_ProductStrDescriptor  usbd_desc.o
    0x080028ac   0x080028ac   0x00000038   Code   RO          449    i.USBD_FS_SerialStrDescriptor  usbd_desc.o
    0x080028e4   0x080028e4   0x000000e8   Code   RO         3829    i.USBD_GetDescriptor  usbd_ctlreq.o
    0x080029cc   0x080029cc   0x00000048   Code   RO         3830    i.USBD_GetString    usbd_ctlreq.o
    0x08002a14   0x08002a14   0x00000018   Code   RO          260    i.USBD_Get_USB_Status  usbd_conf.o
    0x08002a2c   0x08002a2c   0x0000000c   Code   RO         3953    i.USBD_HID_DataIn   usbd_hid.o
    0x08002a38   0x08002a38   0x00000020   Code   RO         3954    i.USBD_HID_DeInit   usbd_hid.o
    0x08002a58   0x08002a58   0x0000000c   Code   RO         3955    i.USBD_HID_GetDeviceQualifierDesc  usbd_hid.o
    0x08002a64   0x08002a64   0x0000000c   Code   RO         3956    i.USBD_HID_GetFSCfgDesc  usbd_hid.o
    0x08002a70   0x08002a70   0x0000000c   Code   RO         3957    i.USBD_HID_GetHSCfgDesc  usbd_hid.o
    0x08002a7c   0x08002a7c   0x0000000c   Code   RO         3958    i.USBD_HID_GetOtherSpeedCfgDesc  usbd_hid.o
    0x08002a88   0x08002a88   0x0000002a   Code   RO         3960    i.USBD_HID_Init     usbd_hid.o
    0x08002ab2   0x08002ab2   0x00000024   Code   RO         3961    i.USBD_HID_SendReport  usbd_hid.o
    0x08002ad6   0x08002ad6   0x00000002   PAD
    0x08002ad8   0x08002ad8   0x000000c8   Code   RO         3962    i.USBD_HID_Setup    usbd_hid.o
    0x08002ba0   0x08002ba0   0x0000002a   Code   RO         3692    i.USBD_Init         usbd_core.o
    0x08002bca   0x08002bca   0x00000012   Code   RO          261    i.USBD_LL_ClearStallEP  usbd_conf.o
    0x08002bdc   0x08002bdc   0x00000012   Code   RO          262    i.USBD_LL_CloseEP   usbd_conf.o
    0x08002bee   0x08002bee   0x000000c6   Code   RO         3693    i.USBD_LL_DataInStage  usbd_core.o
    0x08002cb4   0x08002cb4   0x00000082   Code   RO         3694    i.USBD_LL_DataOutStage  usbd_core.o
    0x08002d36   0x08002d36   0x00000004   Code   RO         3695    i.USBD_LL_DevConnected  usbd_core.o
    0x08002d3a   0x08002d3a   0x00000016   Code   RO         3696    i.USBD_LL_DevDisconnected  usbd_core.o
    0x08002d50   0x08002d50   0x00000060   Code   RO          267    i.USBD_LL_Init      usbd_conf.o
    0x08002db0   0x08002db0   0x00000020   Code   RO          268    i.USBD_LL_IsStallEP  usbd_conf.o
    0x08002dd0   0x08002dd0   0x00000004   Code   RO         3697    i.USBD_LL_IsoINIncomplete  usbd_core.o
    0x08002dd4   0x08002dd4   0x00000004   Code   RO         3698    i.USBD_LL_IsoOUTIncomplete  usbd_core.o
    0x08002dd8   0x08002dd8   0x00000018   Code   RO          269    i.USBD_LL_OpenEP    usbd_conf.o
    0x08002df0   0x08002df0   0x00000012   Code   RO          270    i.USBD_LL_PrepareReceive  usbd_conf.o
    0x08002e02   0x08002e02   0x00000050   Code   RO         3699    i.USBD_LL_Reset     usbd_core.o
    0x08002e52   0x08002e52   0x0000000c   Code   RO         3700    i.USBD_LL_Resume    usbd_core.o
    0x08002e5e   0x08002e5e   0x00000018   Code   RO         3701    i.USBD_LL_SOF       usbd_core.o
    0x08002e76   0x08002e76   0x00000006   Code   RO         3702    i.USBD_LL_SetSpeed  usbd_core.o
    0x08002e7c   0x08002e7c   0x00000012   Code   RO          271    i.USBD_LL_SetUSBAddress  usbd_conf.o
    0x08002e8e   0x08002e8e   0x0000005a   Code   RO         3703    i.USBD_LL_SetupStage  usbd_core.o
    0x08002ee8   0x08002ee8   0x00000012   Code   RO          272    i.USBD_LL_StallEP   usbd_conf.o
    0x08002efa   0x08002efa   0x00000012   Code   RO          273    i.USBD_LL_Start     usbd_conf.o
    0x08002f0c   0x08002f0c   0x00000012   Code   RO         3704    i.USBD_LL_Suspend   usbd_core.o
    0x08002f1e   0x08002f1e   0x00000012   Code   RO          275    i.USBD_LL_Transmit  usbd_conf.o
    0x08002f30   0x08002f30   0x00000028   Code   RO         3831    i.USBD_ParseSetupRequest  usbd_ctlreq.o
    0x08002f58   0x08002f58   0x00000010   Code   RO         3705    i.USBD_RegisterClass  usbd_core.o
    0x08002f68   0x08002f68   0x00000016   Code   RO         3707    i.USBD_SetClassConfig  usbd_core.o
    0x08002f7e   0x08002f7e   0x00000002   PAD
    0x08002f80   0x08002f80   0x00000084   Code   RO         3832    i.USBD_SetConfig    usbd_ctlreq.o
    0x08003004   0x08003004   0x0000000a   Code   RO         3708    i.USBD_Start        usbd_core.o
    0x0800300e   0x0800300e   0x00000112   Code   RO         3833    i.USBD_StdDevReq    usbd_ctlreq.o
    0x08003120   0x08003120   0x00000150   Code   RO         3834    i.USBD_StdEPReq     usbd_ctlreq.o
    0x08003270   0x08003270   0x0000004e   Code   RO         3835    i.USBD_StdItfReq    usbd_ctlreq.o
    0x080032be   0x080032be   0x00000002   PAD
    0x080032c0   0x080032c0   0x00000080   Code   RO          940    i.USB_ActivateEndpoint  stm32f4xx_ll_usb.o
    0x08003340   0x08003340   0x00000034   Code   RO          942    i.USB_ActivateSetup  stm32f4xx_ll_usb.o
    0x08003374   0x08003374   0x00000074   Code   RO          944    i.USB_CoreInit      stm32f4xx_ll_usb.o
    0x080033e8   0x080033e8   0x00000038   Code   RO          945    i.USB_CoreReset     stm32f4xx_ll_usb.o
    0x08003420   0x08003420   0x00000080   Code   RO          948    i.USB_DeactivateEndpoint  stm32f4xx_ll_usb.o
    0x080034a0   0x080034a0   0x00000018   Code   RO          949    i.USB_DevConnect    stm32f4xx_ll_usb.o
    0x080034b8   0x080034b8   0x00000018   Code   RO          950    i.USB_DevDisconnect  stm32f4xx_ll_usb.o
    0x080034d0   0x080034d0   0x0000018c   Code   RO          951    i.USB_DevInit       stm32f4xx_ll_usb.o
    0x0800365c   0x0800365c   0x0000000c   Code   RO          952    i.USB_DisableGlobalInt  stm32f4xx_ll_usb.o
    0x08003668   0x08003668   0x00000118   Code   RO          955    i.USB_EP0StartXfer  stm32f4xx_ll_usb.o
    0x08003780   0x08003780   0x00000058   Code   RO          956    i.USB_EP0_OutStart  stm32f4xx_ll_usb.o
    0x080037d8   0x080037d8   0x00000058   Code   RO          957    i.USB_EPClearStall  stm32f4xx_ll_usb.o
    0x08003830   0x08003830   0x00000058   Code   RO          958    i.USB_EPSetStall    stm32f4xx_ll_usb.o
    0x08003888   0x08003888   0x000001e8   Code   RO          959    i.USB_EPStartXfer   stm32f4xx_ll_usb.o
    0x08003a70   0x08003a70   0x0000000c   Code   RO          960    i.USB_EnableGlobalInt  stm32f4xx_ll_usb.o
    0x08003a7c   0x08003a7c   0x00000020   Code   RO          961    i.USB_FlushRxFifo   stm32f4xx_ll_usb.o
    0x08003a9c   0x08003a9c   0x00000024   Code   RO          962    i.USB_FlushTxFifo   stm32f4xx_ll_usb.o
    0x08003ac0   0x08003ac0   0x0000001a   Code   RO          964    i.USB_GetDevSpeed   stm32f4xx_ll_usb.o
    0x08003ada   0x08003ada   0x00000008   Code   RO          966    i.USB_GetMode       stm32f4xx_ll_usb.o
    0x08003ae2   0x08003ae2   0x0000000e   Code   RO          973    i.USB_ReadDevAllInEpInterrupt  stm32f4xx_ll_usb.o
    0x08003af0   0x08003af0   0x0000000e   Code   RO          974    i.USB_ReadDevAllOutEpInterrupt  stm32f4xx_ll_usb.o
    0x08003afe   0x08003afe   0x00000024   Code   RO          975    i.USB_ReadDevInEPInterrupt  stm32f4xx_ll_usb.o
    0x08003b22   0x08003b22   0x00000010   Code   RO          976    i.USB_ReadDevOutEPInterrupt  stm32f4xx_ll_usb.o
    0x08003b32   0x08003b32   0x00000008   Code   RO          977    i.USB_ReadInterrupts  stm32f4xx_ll_usb.o
    0x08003b3a   0x08003b3a   0x0000001c   Code   RO          978    i.USB_ReadPacket    stm32f4xx_ll_usb.o
    0x08003b56   0x08003b56   0x0000002e   Code   RO          980    i.USB_SetCurrentMode  stm32f4xx_ll_usb.o
    0x08003b84   0x08003b84   0x00000022   Code   RO          981    i.USB_SetDevAddress  stm32f4xx_ll_usb.o
    0x08003ba6   0x08003ba6   0x00000002   PAD
    0x08003ba8   0x08003ba8   0x000000e8   Code   RO          983    i.USB_SetTurnaroundTime  stm32f4xx_ll_usb.o
    0x08003c90   0x08003c90   0x00000024   Code   RO          986    i.USB_WritePacket   stm32f4xx_ll_usb.o
    0x08003cb4   0x08003cb4   0x00000002   Code   RO          540    i.UsageFault_Handler  stm32f4xx_it.o
    0x08003cb6   0x08003cb6   0x00000020   Code   RO         2074    i.__NVIC_SetPriority  stm32f4xx_hal_cortex.o
    0x08003cd6   0x08003cd6   0x0000000e   Code   RO         4090    i.__scatterload_copy  mc_w.l(handlers.o)
    0x08003ce4   0x08003ce4   0x00000002   Code   RO         4091    i.__scatterload_null  mc_w.l(handlers.o)
    0x08003ce6   0x08003ce6   0x0000000e   Code   RO         4092    i.__scatterload_zeroinit  mc_w.l(handlers.o)
    0x08003cf4   0x08003cf4   0x00000050   Code   RO         4038    i.free              mc_w.l(malloc.o)
    0x08003d44   0x08003d44   0x0000008c   Code   RO           19    i.main              main.o
    0x08003dd0   0x08003dd0   0x0000006c   Code   RO         4039    i.malloc            mc_w.l(malloc.o)
    0x08003e3c   0x08003e3c   0x00000008   Data   RO         1767    .constdata          stm32f4xx_hal_dma.o
    0x08003e44   0x08003e44   0x00000010   Data   RO         3654    .constdata          system_stm32f4xx.o
    0x08003e54   0x08003e54   0x00000020   Data   RO         4088    Region$$Table       anon$$obj.o


    Execution Region RW_IRAM1 (Exec base: 0x20000000, Load base: 0x08003e74, Size: 0x00001778, Max: 0x00020000, ABSOLUTE, COMPRESSED[0x000000d4])

    Exec Addr    Load Addr    Size         Type   Attr      Idx    E Section Name        Object

    0x20000000   COMPRESSED   0x0000000c   Data   RW           22    .data               main.o
    0x2000000c   COMPRESSED   0x0000001c   Data   RW          451    .data               usbd_desc.o
    0x20000028   COMPRESSED   0x00000032   Data   RW          452    .data               usbd_desc.o
    0x2000005a   COMPRESSED   0x00000002   PAD
    0x2000005c   COMPRESSED   0x0000000c   Data   RW         2218    .data               stm32f4xx_hal.o
    0x20000068   COMPRESSED   0x00000004   Data   RW         3656    .data               system_stm32f4xx.o
    0x2000006c   COMPRESSED   0x00000001   Data   RW         3836    .data               usbd_ctlreq.o
    0x2000006d   COMPRESSED   0x00000003   PAD
    0x20000070   COMPRESSED   0x00000038   Data   RW         3963    .data               usbd_hid.o
    0x200000a8   COMPRESSED   0x000000ce   Data   RW         3964    .data               usbd_hid.o
    0x20000176   COMPRESSED   0x00000002   PAD
    0x20000178   COMPRESSED   0x00000004   Data   RW         4084    .data               mc_w.l(mvars.o)
    0x2000017c   COMPRESSED   0x00000004   Data   RW         4085    .data               mc_w.l(mvars.o)
    0x20000180        -       0x000006f0   Zero   RW           20    .bss                main.o
    0x20000870        -       0x00000060   Zero   RW           21    .bss                main.o
    0x200008d0        -       0x0000029c   Zero   RW          217    .bss                usb_device.o
    0x20000b6c        -       0x00000408   Zero   RW          276    .bss                usbd_conf.o
    0x20000f74        -       0x00000200   Zero   RW          450    .bss                usbd_desc.o
    0x20001174   COMPRESSED   0x00000004   PAD
    0x20001178        -       0x00000200   Zero   RW            2    HEAP                startup_stm32f411xe.o
    0x20001378        -       0x00000400   Zero   RW            1    STACK               startup_stm32f411xe.o


==============================================================================

Image component sizes


      Code (inc. data)   RO Data    RW Data    ZI Data      Debug   Object Name

       702         68          0         12       1872     443669   main.o
        36          8        408          0       1536        840   startup_stm32f411xe.o
       180         28          0         12          0       9285   stm32f4xx_hal.o
      1456         62          0          0          0       8314   stm32f4xx_hal_adc.o
         2          0          0          0          0        989   stm32f4xx_hal_adc_ex.o
       198         14          0          0          0      33959   stm32f4xx_hal_cortex.o
       902         16          8          0          0       5823   stm32f4xx_hal_dma.o
       424         34          0          0          0       3051   stm32f4xx_hal_gpio.o
       276         36          0          0          0       2275   stm32f4xx_hal_msp.o
      2354         18          0          0          0      12293   stm32f4xx_hal_pcd.o
        78          0          0          0          0       2409   stm32f4xx_hal_pcd_ex.o
      1276         60          0          0          0       4530   stm32f4xx_hal_rcc.o
       930         30          0          0          0      10590   stm32f4xx_hal_tim.o
       128         20          0          0          0       2465   stm32f4xx_hal_tim_ex.o
        68         24          0          0          0       5967   stm32f4xx_it.o
      2546        140          0          0          0      22847   stm32f4xx_ll_usb.o
        28          6         16          4          0       1139   system_stm32f4xx.o
        64         12          0          0        668        772   usb_device.o
       620         20          0          0       1032      14376   usbd_conf.o
       696          0          0          0          0      12357   usbd_core.o
      1186         28          0          1          0       8144   usbd_ctlreq.o
       284        100          0         78        512       5945   usbd_desc.o
       370         20          0        262          0       8089   usbd_hid.o
       102          0          0          0          0       3820   usbd_ioreq.o

    ----------------------------------------------------------------------
     14932        744        464        376       5624     623948   Object Totals
         0          0         32          0          0          0   (incl. Generated)
        26          0          0          7          4          0   (incl. Padding)

    ----------------------------------------------------------------------

      Code (inc. data)   RO Data    RW Data    ZI Data      Debug   Library Member Name

        86          0          0          0          0          0   __dczerorl2.o
         0          0          0          0          0          0   entry.o
         0          0          0          0          0          0   entry10a.o
         0          0          0          0          0          0   entry11a.o
         8          4          0          0          0          0   entry2.o
         4          0          0          0          0          0   entry5.o
         0          0          0          0          0          0   entry7b.o
         0          0          0          0          0          0   entry8b.o
         8          4          0          0          0          0   entry9a.o
        30          0          0          0          0          0   handlers.o
        36          8          0          0          0         68   init.o
        30          0          0          0          0         68   llshl.o
        32          0          0          0          0         68   llushr.o
       188         20          0          0          0        160   malloc.o
        36          0          0          0          0         68   memcpya.o
        36          0          0          0          0        108   memseta.o
         0          0          0          8          0          0   mvars.o
        98          0          0          0          0         92   uldiv.o

    ----------------------------------------------------------------------
       592         36          0          8          0        632   Library Totals
         0          0          0          0          0          0   (incl. Padding)

    ----------------------------------------------------------------------

      Code (inc. data)   RO Data    RW Data    ZI Data      Debug   Library Name

       592         36          0          8          0        632   mc_w.l

    ----------------------------------------------------------------------
       592         36          0          8          0        632   Library Totals

    ----------------------------------------------------------------------

==============================================================================


      Code (inc. data)   RO Data    RW Data    ZI Data      Debug   

     15524        780        464        384       5624     606304   Grand Totals
     15524        780        464        212       5624     606304   ELF Image Totals (compressed)
     15524        780        464        212          0          0   ROM Totals

==============================================================================

    Total RO  Size (Code + RO Data)                15988 (  15.61kB)
    Total RW  Size (RW Data + ZI Data)              6008 (   5.87kB)
    Total ROM Size (Code + RO Data + RW Data)      16200 (  15.82kB)

==============================================================================

